../Core/Inc/ik.h:42:2:Arm::Arm(Arm::Dir, double, double, double)	40	static
../Core/Inc/ik.h:44:7:void Arm::GetArmAngle(double&, double&, double, double)	48	static
../Core/Src/main.cpp:102:5:int main()	560	static
../Core/Src/main.cpp:431:6:void SystemClock_Config()	120	static
../Core/Src/main.cpp:491:13:void MX_I2C1_Init()	8	static
../Core/Src/main.cpp:539:13:void MX_USART1_UART_Init()	8	static
../Core/Src/main.cpp:587:13:void MX_USART2_UART_Init()	8	static
../Core/Src/main.cpp:635:13:void MX_USART3_UART_Init()	8	static
../Core/Src/main.cpp:683:13:void MX_GPIO_Init()	48	static
../Core/Src/main.cpp:713:6:void HAL_UART_RxCpltCallback(UART_HandleTypeDef*)	24	static
../Core/Src/main.cpp:763:6:void HAL_UART_TxCpltCallback(UART_HandleTypeDef*)	16	static
../Core/Src/main.cpp:772:6:void Error_Handler()	4	static,ignoring_inline_asm
