Archive member included to satisfy reference by file (symbol)

/home/yuxuan/st/stm32cubeide_1.9.0/plugins/com.st.stm32cube.ide.mcu.externaltools.gnu-tools-for-stm32.10.3-2021.10.linux64_1.0.0.202111181127/tools/bin/../lib/gcc/arm-none-eabi/10.3.1/../../../../arm-none-eabi/lib/thumb/v7e-m+dp/hard/libm.a(lib_a-s_cos.o)
                              ./Core/Src/main.o (cos)
/home/yuxuan/st/stm32cubeide_1.9.0/plugins/com.st.stm32cube.ide.mcu.externaltools.gnu-tools-for-stm32.10.3-2021.10.linux64_1.0.0.202111181127/tools/bin/../lib/gcc/arm-none-eabi/10.3.1/../../../../arm-none-eabi/lib/thumb/v7e-m+dp/hard/libm.a(lib_a-s_sin.o)
                              ./Core/Src/main.o (sin)
/home/yuxuan/st/stm32cubeide_1.9.0/plugins/com.st.stm32cube.ide.mcu.externaltools.gnu-tools-for-stm32.10.3-2021.10.linux64_1.0.0.202111181127/tools/bin/../lib/gcc/arm-none-eabi/10.3.1/../../../../arm-none-eabi/lib/thumb/v7e-m+dp/hard/libm.a(lib_a-w_acos.o)
                              ./Core/Src/main.o (acos)
/home/yuxuan/st/stm32cubeide_1.9.0/plugins/com.st.stm32cube.ide.mcu.externaltools.gnu-tools-for-stm32.10.3-2021.10.linux64_1.0.0.202111181127/tools/bin/../lib/gcc/arm-none-eabi/10.3.1/../../../../arm-none-eabi/lib/thumb/v7e-m+dp/hard/libm.a(lib_a-w_atan2.o)
                              ./Core/Src/main.o (atan2)
/home/yuxuan/st/stm32cubeide_1.9.0/plugins/com.st.stm32cube.ide.mcu.externaltools.gnu-tools-for-stm32.10.3-2021.10.linux64_1.0.0.202111181127/tools/bin/../lib/gcc/arm-none-eabi/10.3.1/../../../../arm-none-eabi/lib/thumb/v7e-m+dp/hard/libm.a(lib_a-w_sqrt.o)
                              ./Core/Src/main.o (sqrt)
/home/yuxuan/st/stm32cubeide_1.9.0/plugins/com.st.stm32cube.ide.mcu.externaltools.gnu-tools-for-stm32.10.3-2021.10.linux64_1.0.0.202111181127/tools/bin/../lib/gcc/arm-none-eabi/10.3.1/../../../../arm-none-eabi/lib/thumb/v7e-m+dp/hard/libm.a(lib_a-e_acos.o)
                              /home/yuxuan/st/stm32cubeide_1.9.0/plugins/com.st.stm32cube.ide.mcu.externaltools.gnu-tools-for-stm32.10.3-2021.10.linux64_1.0.0.202111181127/tools/bin/../lib/gcc/arm-none-eabi/10.3.1/../../../../arm-none-eabi/lib/thumb/v7e-m+dp/hard/libm.a(lib_a-w_acos.o) (__ieee754_acos)
/home/yuxuan/st/stm32cubeide_1.9.0/plugins/com.st.stm32cube.ide.mcu.externaltools.gnu-tools-for-stm32.10.3-2021.10.linux64_1.0.0.202111181127/tools/bin/../lib/gcc/arm-none-eabi/10.3.1/../../../../arm-none-eabi/lib/thumb/v7e-m+dp/hard/libm.a(lib_a-e_atan2.o)
                              /home/yuxuan/st/stm32cubeide_1.9.0/plugins/com.st.stm32cube.ide.mcu.externaltools.gnu-tools-for-stm32.10.3-2021.10.linux64_1.0.0.202111181127/tools/bin/../lib/gcc/arm-none-eabi/10.3.1/../../../../arm-none-eabi/lib/thumb/v7e-m+dp/hard/libm.a(lib_a-w_atan2.o) (__ieee754_atan2)
/home/yuxuan/st/stm32cubeide_1.9.0/plugins/com.st.stm32cube.ide.mcu.externaltools.gnu-tools-for-stm32.10.3-2021.10.linux64_1.0.0.202111181127/tools/bin/../lib/gcc/arm-none-eabi/10.3.1/../../../../arm-none-eabi/lib/thumb/v7e-m+dp/hard/libm.a(lib_a-e_rem_pio2.o)
                              /home/yuxuan/st/stm32cubeide_1.9.0/plugins/com.st.stm32cube.ide.mcu.externaltools.gnu-tools-for-stm32.10.3-2021.10.linux64_1.0.0.202111181127/tools/bin/../lib/gcc/arm-none-eabi/10.3.1/../../../../arm-none-eabi/lib/thumb/v7e-m+dp/hard/libm.a(lib_a-s_cos.o) (__ieee754_rem_pio2)
/home/yuxuan/st/stm32cubeide_1.9.0/plugins/com.st.stm32cube.ide.mcu.externaltools.gnu-tools-for-stm32.10.3-2021.10.linux64_1.0.0.202111181127/tools/bin/../lib/gcc/arm-none-eabi/10.3.1/../../../../arm-none-eabi/lib/thumb/v7e-m+dp/hard/libm.a(lib_a-e_sqrt.o)
                              /home/yuxuan/st/stm32cubeide_1.9.0/plugins/com.st.stm32cube.ide.mcu.externaltools.gnu-tools-for-stm32.10.3-2021.10.linux64_1.0.0.202111181127/tools/bin/../lib/gcc/arm-none-eabi/10.3.1/../../../../arm-none-eabi/lib/thumb/v7e-m+dp/hard/libm.a(lib_a-w_sqrt.o) (__ieee754_sqrt)
/home/yuxuan/st/stm32cubeide_1.9.0/plugins/com.st.stm32cube.ide.mcu.externaltools.gnu-tools-for-stm32.10.3-2021.10.linux64_1.0.0.202111181127/tools/bin/../lib/gcc/arm-none-eabi/10.3.1/../../../../arm-none-eabi/lib/thumb/v7e-m+dp/hard/libm.a(lib_a-k_cos.o)
                              /home/yuxuan/st/stm32cubeide_1.9.0/plugins/com.st.stm32cube.ide.mcu.externaltools.gnu-tools-for-stm32.10.3-2021.10.linux64_1.0.0.202111181127/tools/bin/../lib/gcc/arm-none-eabi/10.3.1/../../../../arm-none-eabi/lib/thumb/v7e-m+dp/hard/libm.a(lib_a-s_cos.o) (__kernel_cos)
/home/yuxuan/st/stm32cubeide_1.9.0/plugins/com.st.stm32cube.ide.mcu.externaltools.gnu-tools-for-stm32.10.3-2021.10.linux64_1.0.0.202111181127/tools/bin/../lib/gcc/arm-none-eabi/10.3.1/../../../../arm-none-eabi/lib/thumb/v7e-m+dp/hard/libm.a(lib_a-k_rem_pio2.o)
[...]
Memory Configuration

Name             Origin             Length             Attributes
RAM_D1           0x0000000024000000 0x0000000000080000 xrw
FLASH            0x0000000008000000 0x0000000000100000 xr
DTCMRAM          0x0000000020000000 0x0000000000020000 xrw
RAM_D2           0x0000000030000000 0x0000000000048000 xrw
RAM_D3           0x0000000038000000 0x0000000000010000 xrw
ITCMRAM          0x0000000000000000 0x0000000000010000 xrw
*default*        0x0000000000000000 0xffffffffffffffff

Linker script and memory map

LOAD /home/yuxuan/st/stm32cubeide_1.9.0/plugins/com.st.stm32cube.ide.mcu.externaltools.gnu-tools-for-stm32.10.3-2021.10.linux64_1.0.0.202111181127/tools/bin/../lib/gcc/arm-none-eabi/10.3.1/thumb/v7e-m+dp/hard/crti.o
LOAD /home/yuxuan/st/stm32cubeide_1.9.0/plugins/com.st.stm32cube.ide.mcu.externaltools.gnu-tools-for-stm32.10.3-2021.10.linux64_1.0.0.202111181127/tools/bin/../lib/gcc/arm-none-eabi/10.3.1/thumb/v7e-m+dp/hard/crtbegin.o
LOAD /home/yuxuan/st/stm32cubeide_1.9.0/plugins/com.st.stm32cube.ide.mcu.externaltools.gnu-tools-for-stm32.10.3-2021.10.linux64_1.0.0.202111181127/tools/bin/../lib/gcc/arm-none-eabi/10.3.1/../../../../arm-none-eabi/lib/thumb/v7e-m+dp/hard/crt0.o
LOAD ./Common/Src/system_stm32h7xx_dualcore_boot_cm4_cm7.o
LOAD ./Core/Src/main.o
LOAD ./Core/Src/stm32h7xx_hal_msp.o
LOAD ./Core/Src/stm32h7xx_it.o
LOAD ./Core/Src/syscalls.o
LOAD ./Core/Src/sysmem.o
LOAD ./Core/Startup/startup_stm32h755zitx.o
LOAD ./Core/ThreadSafe/newlib_lock_glue.o
LOAD ./Drivers/STM32H7xx_HAL_Driver/stm32h7xx_hal.o
LOAD ./Drivers/STM32H7xx_HAL_Driver/stm32h7xx_hal_cortex.o
LOAD ./Drivers/STM32H7xx_HAL_Driver/stm32h7xx_hal_dma.o
LOAD ./Drivers/STM32H7xx_HAL_Driver/stm32h7xx_hal_dma_ex.o
LOAD ./Drivers/STM32H7xx_HAL_Driver/stm32h7xx_hal_exti.o
LOAD ./Drivers/STM32H7xx_HAL_Driver/stm32h7xx_hal_flash.o
LOAD ./Drivers/STM32H7xx_HAL_Driver/stm32h7xx_hal_flash_ex.o
LOAD ./Drivers/STM32H7xx_HAL_Driver/stm32h7xx_hal_gpio.o
LOAD ./Drivers/STM32H7xx_HAL_Driver/stm32h7xx_hal_hsem.o
LOAD ./Drivers/STM32H7xx_HAL_Driver/stm32h7xx_hal_i2c.o
LOAD ./Drivers/STM32H7xx_HAL_Driver/stm32h7xx_hal_i2c_ex.o
LOAD ./Drivers/STM32H7xx_HAL_Driver/stm32h7xx_hal_mdma.o
LOAD ./Drivers/STM32H7xx_HAL_Driver/stm32h7xx_hal_pwr.o
LOAD ./Drivers/STM32H7xx_HAL_Driver/stm32h7xx_hal_pwr_ex.o
LOAD ./Drivers/STM32H7xx_HAL_Driver/stm32h7xx_hal_rcc.o
LOAD ./Drivers/STM32H7xx_HAL_Driver/stm32h7xx_hal_rcc_ex.o
LOAD ./Drivers/STM32H7xx_HAL_Driver/stm32h7xx_hal_tim.o
LOAD ./Drivers/STM32H7xx_HAL_Driver/stm32h7xx_hal_tim_ex.o
LOAD ./Drivers/STM32H7xx_HAL_Driver/stm32h7xx_hal_uart.o
LOAD ./Drivers/STM32H7xx_HAL_Driver/stm32h7xx_hal_uart_ex.o
START GROUP
LOAD /home/yuxuan/st/stm32cubeide_1.9.0/plugins/com.st.stm32cube.ide.mcu.externaltools.gnu-tools-for-stm32.10.3-2021.10.linux64_1.0.0.202111181127/tools/bin/../lib/gcc/arm-none-eabi/10.3.1/../../../../arm-none-eabi/lib/thumb/v7e-m+dp/hard/libstdc++_nano.a
LOAD /home/yuxuan/st/stm32cubeide_1.9.0/plugins/com.st.stm32cube.ide.mcu.externaltools.gnu-tools-for-stm32.10.3-2021.10.linux64_1.0.0.202111181127/tools/bin/../lib/gcc/arm-none-eabi/10.3.1/../../../../arm-none-eabi/lib/thumb/v7e-m+dp/hard/libsupc++_nano.a
END GROUP
LOAD /home/yuxuan/st/stm32cubeide_1.9.0/plugins/com.st.stm32cube.ide.mcu.externaltools.gnu-tools-for-stm32.10.3-2021.10.linux64_1.0.0.202111181127/tools/bin/../lib/gcc/arm-none-eabi/10.3.1/../../../../arm-none-eabi/lib/thumb/v7e-m+dp/hard/libstdc++_nano.a
LOAD /home/yuxuan/st/stm32cubeide_1.9.0/plugins/com.st.stm32cube.ide.mcu.externaltools.gnu-tools-for-stm32.10.3-2021.10.linux64_1.0.0.202111181127/tools/bin/../lib/gcc/arm-none-eabi/10.3.1/../../../../arm-none-eabi/lib/thumb/v7e-m+dp/hard/libm.a
LOAD /home/yuxuan/st/stm32cubeide_1.9.0/plugins/com.st.stm32cube.ide.mcu.externaltools.gnu-tools-for-stm32.10.3-2021.10.linux64_1.0.0.202111181127/tools/bin/../lib/gcc/arm-none-eabi/10.3.1/../../../../arm-none-eabi/lib/thumb/v7e-m+dp/hard/libc_nano.a
START GROUP
LOAD /home/yuxuan/st/stm32cubeide_1.9.0/plugins/com.st.stm32cube.ide.mcu.externaltools.gnu-tools-for-stm32.10.3-2021.10.linux64_1.0.0.202111181127/tools/bin/../lib/gcc/arm-none-eabi/10.3.1/thumb/v7e-m+dp/hard/libgcc.a
LOAD /home/yuxuan/st/stm32cubeide_1.9.0/plugins/com.st.stm32cube.ide.mcu.externaltools.gnu-tools-for-stm32.10.3-2021.10.linux64_1.0.0.202111181127/tools/bin/../lib/gcc/arm-none-eabi/10.3.1/../../../../arm-none-eabi/lib/thumb/v7e-m+dp/hard/libc_nano.a
END GROUP
START GROUP
LOAD /home/yuxuan/st/stm32cubeide_1.9.0/plugins/com.st.stm32cube.ide.mcu.externaltools.gnu-tools-for-stm32.10.3-2021.10.linux64_1.0.0.202111181127/tools/bin/../lib/gcc/arm-none-eabi/10.3.1/thumb/v7e-m+dp/hard/libgcc.a
LOAD /home/yuxuan/st/stm32cubeide_1.9.0/plugins/com.st.stm32cube.ide.mcu.externaltools.gnu-tools-for-stm32.10.3-2021.10.linux64_1.0.0.202111181127/tools/bin/../lib/gcc/arm-none-eabi/10.3.1/../../../../arm-none-eabi/lib/thumb/v7e-m+dp/hard/libc_nano.a
LOAD /home/yuxuan/st/stm32cubeide_1.9.0/plugins/com.st.stm32cube.ide.mcu.externaltools.gnu-tools-for-stm32.10.3-2021.10.linux64_1.0.0.202111181127/tools/bin/../lib/gcc/arm-none-eabi/10.3.1/../../../../arm-none-eabi/lib/thumb/v7e-m+dp/hard/libnosys.a
END GROUP
START GROUP
LOAD /home/yuxuan/st/stm32cubeide_1.9.0/plugins/com.st.stm32cube.ide.mcu.externaltools.gnu-tools-for-stm32.10.3-2021.10.linux64_1.0.0.202111181127/tools/bin/../lib/gcc/arm-none-eabi/10.3.1/thumb/v7e-m+dp/hard/libgcc.a
LOAD /home/yuxuan/st/stm32cubeide_1.9.0/plugins/com.st.stm32cube.ide.mcu.externaltools.gnu-tools-for-stm32.10.3-2021.10.linux64_1.0.0.202111181127/tools/bin/../lib/gcc/arm-none-eabi/10.3.1/../../../../arm-none-eabi/lib/thumb/v7e-m+dp/hard/libc_nano.a
LOAD /home/yuxuan/st/stm32cubeide_1.9.0/plugins/com.st.stm32cube.ide.mcu.externaltools.gnu-tools-for-stm32.10.3-2021.10.linux64_1.0.0.202111181127/tools/bin/../lib/gcc/arm-none-eabi/10.3.1/../../../../arm-none-eabi/lib/thumb/v7e-m+dp/hard/libnosys.a
END GROUP
LOAD /home/yuxuan/st/stm32cubeide_1.9.0/plugins/com.st.stm32cube.ide.mcu.externaltools.gnu-tools-for-stm32.10.3-2021.10.linux64_1.0.0.202111181127/tools/bin/../lib/gcc/arm-none-eabi/10.3.1/thumb/v7e-m+dp/hard/crtend.o
LOAD /home/yuxuan/st/stm32cubeide_1.9.0/plugins/com.st.stm32cube.ide.mcu.externaltools.gnu-tools-for-stm32.10.3-2021.10.linux64_1.0.0.202111181127/tools/bin/../lib/gcc/arm-none-eabi/10.3.1/thumb/v7e-m+dp/hard/crtn.o
                0x0000000024080000                _estack = (ORIGIN (RAM_D1) + LENGTH (RAM_D1))
                0x0000000000002000                _Min_Heap_Size = 0x2000
                0x0000000000000400                _Min_Stack_Size = 0x400

.isr_vector     0x0000000008000000      0x298
                0x0000000008000000                . = ALIGN (0x4)
 *(.isr_vector)
 .isr_vector    0x0000000008000000      0x298 ./Core/Startup/startup_stm32h755zitx.o
                0x0000000008000000                g_pfnVectors
                0x0000000008000298                . = ALIGN (0x4)

.text           0x00000000080002a0     0xf8a4
                0x00000000080002a0                . = ALIGN (0x4)
 *(.text)
 .text          0x00000000080002a0       0x40 /home/yuxuan/st/stm32cubeide_1.9.0/plugins/com.st.stm32cube.ide.mcu.externaltools.gnu-tools-for-stm32.10.3-2021.10.linux64_1.0.0.202111181127/tools/bin/../lib/gcc/arm-none-eabi/10.3.1/thumb/v7e-m+dp/hard/crtbegin.o
 .text          0x00000000080002e0       0x10 /home/yuxuan/st/stm32cubeide_1.9.0/plugins/com.st.stm32cube.ide.mcu.externaltools.gnu-tools-for-stm32.10.3-2021.10.linux64_1.0.0.202111181127/tools/bin/../lib/gcc/arm-none-eabi/10.3.1/../../../../arm-none-eabi/lib/thumb/v7e-m+dp/hard/libc_nano.a(lib_a-strlen.o)
                0x00000000080002e0                strlen
 .text          0x00000000080002f0       0xa0 /home/yuxuan/st/stm32cubeide_1.9.0/plugins/com.st.stm32cube.ide.mcu.externaltools.gnu-tools-for-stm32.10.3-2021.10.linux64_1.0.0.202111181127/tools/bin/../lib/gcc/arm-none-eabi/10.3.1/../../../../arm-none-eabi/lib/thumb/v7e-m+dp/hard/libc_nano.a(lib_a-memchr.o)
                0x00000000080002f0                memchr
 .text          0x0000000008000390      0x378 /home/yuxuan/st/stm32cubeide_1.9.0/plugins/com.st.stm32cube.ide.mcu.externaltools.gnu-tools-for-stm32.10.3-2021.10.linux64_1.0.0.202111181127/tools/bin/../lib/gcc/arm-none-eabi/10.3.1/thumb/v7e-m+dp/hard/libgcc.a(_arm_addsubdf3.o)
                0x0000000008000390                __aeabi_drsub
                0x0000000008000398                __aeabi_dsub
                0x0000000008000398                __subdf3
                0x000000000800039c                __adddf3
                0x000000000800039c                __aeabi_dadd
                0x0000000008000614                __aeabi_ui2d
                0x0000000008000614                __floatunsidf
                0x0000000008000634                __floatsidf
                0x0000000008000634                __aeabi_i2d
                0x0000000008000658                __extendsfdf2
                0x0000000008000658                __aeabi_f2d
                0x000000000800069c                __aeabi_ul2d
                0x000000000800069c                __floatundidf
                0x00000000080006ac                __floatdidf
                0x00000000080006ac                __aeabi_l2d
 .text          0x0000000008000708       0x30 /home/yuxuan/st/stm32cubeide_1.9.0/plugins/com.st.stm32cube.ide.mcu.externaltools.gnu-tools-for-stm32.10.3-2021.10.linux64_1.0.0.202111181127/tools/bin/../lib/gcc/arm-none-eabi/10.3.1/thumb/v7e-m+dp/hard/libgcc.a(_aeabi_uldivmod.o)
                0x0000000008000708                __aeabi_uldivmod
 .text          0x0000000008000738       0x30 /home/yuxuan/st/stm32cubeide_1.9.0/plugins/com.st.stm32cube.ide.mcu.externaltools.gnu-tools-for-stm32.10.3-2021.10.linux64_1.0.0.202111181127/tools/bin/../lib/gcc/arm-none-eabi/10.3.1/thumb/v7e-m+dp/hard/libgcc.a(_fixdfdi.o)
                0x0000000008000738                __aeabi_d2lz
                0x0000000008000738                __fixdfdi
 .text          0x0000000008000768       0x40 /home/yuxuan/st/stm32cubeide_1.9.0/plugins/com.st.stm32cube.ide.mcu.externaltools.gnu-tools-for-stm32.10.3-2021.10.linux64_1.0.0.202111181127/tools/bin/../lib/gcc/arm-none-eabi/10.3.1/thumb/v7e-m+dp/hard/libgcc.a(_fixunsdfdi.o)
                0x0000000008000768                __aeabi_d2ulz
                0x0000000008000768                __fixunsdfdi
 .text          0x00000000080007a8      0x2d0 /home/yuxuan/st/stm32cubeide_1.9.0/plugins/com.st.stm32cube.ide.mcu.externaltools.gnu-tools-for-stm32.10.3-2021.10.linux64_1.0.0.202111181127/tools/bin/../lib/gcc/arm-none-eabi/10.3.1/thumb/v7e-m+dp/hard/libgcc.a(_udivmoddi4.o)
                0x00000000080007a8                __udivmoddi4
 .text          0x0000000008000a78        0x4 /home/yuxuan/st/stm32cubeide_1.9.0/plugins/com.st.stm32cube.ide.mcu.externaltools.gnu-tools-for-stm32.10.3-2021.10.linux64_1.0.0.202111181127/tools/bin/../lib/gcc/arm-none-eabi/10.3.1/thumb/v7e-m+dp/hard/libgcc.a(_dvmd_tls.o)
                0x0000000008000a78                __aeabi_ldiv0
                0x0000000008000a78                __aeabi_idiv0
 *(.text*)
 .text.SystemInit
                0x0000000008000a7c      0x12c ./Common/Src/system_stm32h7xx_dualcore_boot_cm4_cm7.o
                0x0000000008000a7c                SystemInit
 .text._ZN3ArmC2ENS_3DirEddd
                0x0000000008000ba8       0x4a ./Core/Src/main.o
                0x0000000008000ba8                Arm::Arm(Arm::Dir, double, double, double)
                0x0000000008000ba8                Arm::Arm(Arm::Dir, double, double, double)
 *fill*         0x0000000008000bf2        0x6 
 .text._ZN3Arm11GetArmAngleERdS0_dd
                0x0000000008000bf8      0x2a0 ./Core/Src/main.o
                0x0000000008000bf8                Arm::GetArmAngle(double&, double&, double, double)
 .text.main     0x0000000008000e98      0xa68 ./Core/Src/main.o
                0x0000000008000e98                main
 .text._Z18SystemClock_Configv
                0x0000000008001900      0x114 ./Core/Src/main.o
                0x0000000008001900                SystemClock_Config()
 .text._ZL12MX_I2C1_Initv
                0x0000000008001a14       0x9c ./Core/Src/main.o
 .text._ZL19MX_USART1_UART_Initv
                0x0000000008001ab0       0xc4 ./Core/Src/main.o
 .text._ZL19MX_USART2_UART_Initv
                0x0000000008001b74       0xc4 ./Core/Src/main.o
 .text._ZL19MX_USART3_UART_Initv
                0x0000000008001c38       0xc0 ./Core/Src/main.o
 .text._ZL12MX_GPIO_Initv
                0x0000000008001cf8      0x114 ./Core/Src/main.o
 *fill*         0x0000000008001e0c        0x4 
 .text.HAL_UART_RxCpltCallback
                0x0000000008001e10      0x1b8 ./Core/Src/main.o
                0x0000000008001e10                HAL_UART_RxCpltCallback
 .text.HAL_UART_TxCpltCallback
                0x0000000008001fc8       0x1c ./Core/Src/main.o
                0x0000000008001fc8                HAL_UART_TxCpltCallback
 .text.Error_Handler
                0x0000000008001fe4        0xa ./Core/Src/main.o
                0x0000000008001fe4                Error_Handler
 *fill*         0x0000000008001fee        0x2 
 .text.HAL_MspInit
                0x0000000008001ff0       0x34 ./Core/Src/stm32h7xx_hal_msp.o
                0x0000000008001ff0                HAL_MspInit
 .text.HAL_I2C_MspInit
                0x0000000008002024       0xec ./Core/Src/stm32h7xx_hal_msp.o
                0x0000000008002024                HAL_I2C_MspInit
 .text.HAL_UART_MspInit
                0x0000000008002110      0x22c ./Core/Src/stm32h7xx_hal_msp.o
                0x0000000008002110                HAL_UART_MspInit
 .text.NMI_Handler
                0x000000000800233c        0x6 ./Core/Src/stm32h7xx_it.o
                0x000000000800233c                NMI_Handler
 .text.HardFault_Handler
                0x0000000008002342        0x6 ./Core/Src/stm32h7xx_it.o
                0x0000000008002342                HardFault_Handler
 .text.MemManage_Handler
                0x0000000008002348        0x6 ./Core/Src/stm32h7xx_it.o
                0x0000000008002348                MemManage_Handler
 .text.BusFault_Handler
                0x000000000800234e        0x6 ./Core/Src/stm32h7xx_it.o
                0x000000000800234e                BusFault_Handler
 .text.UsageFault_Handler
                0x0000000008002354        0x6 ./Core/Src/stm32h7xx_it.o
                0x0000000008002354                UsageFault_Handler
 .text.SVC_Handler
                0x000000000800235a        0xe ./Core/Src/stm32h7xx_it.o
                0x000000000800235a                SVC_Handler
 .text.DebugMon_Handler
                0x0000000008002368        0xe ./Core/Src/stm32h7xx_it.o
                0x0000000008002368                DebugMon_Handler
 .text.PendSV_Handler
                0x0000000008002376        0xe ./Core/Src/stm32h7xx_it.o
                0x0000000008002376                PendSV_Handler
 .text.SysTick_Handler
                0x0000000008002384        0xc ./Core/Src/stm32h7xx_it.o
                0x0000000008002384                SysTick_Handler
 .text.I2C1_EV_IRQHandler
                0x0000000008002390       0x14 ./Core/Src/stm32h7xx_it.o
                0x0000000008002390                I2C1_EV_IRQHandler
 .text.I2C1_ER_IRQHandler
                0x00000000080023a4       0x14 ./Core/Src/stm32h7xx_it.o
                0x00000000080023a4                I2C1_ER_IRQHandler
 .text.USART1_IRQHandler
                0x00000000080023b8       0x14 ./Core/Src/stm32h7xx_it.o
                0x00000000080023b8                USART1_IRQHandler
 .text.USART2_IRQHandler
                0x00000000080023cc       0x14 ./Core/Src/stm32h7xx_it.o
                0x00000000080023cc                USART2_IRQHandler
 .text.USART3_IRQHandler
                0x00000000080023e0       0x14 ./Core/Src/stm32h7xx_it.o
                0x00000000080023e0                USART3_IRQHandler
 .text._getpid  0x00000000080023f4       0x10 ./Core/Src/syscalls.o
                0x00000000080023f4                _getpid
 .text._kill    0x0000000008002404       0x20 ./Core/Src/syscalls.o
                0x0000000008002404                _kill
 .text._exit    0x0000000008002424       0x14 ./Core/Src/syscalls.o
                0x0000000008002424                _exit
 .text._read    0x0000000008002438       0x3a ./Core/Src/syscalls.o
                0x0000000008002438                _read
 .text._write   0x0000000008002472       0x38 ./Core/Src/syscalls.o
                0x0000000008002472                _write
 .text._close   0x00000000080024aa       0x18 ./Core/Src/syscalls.o
                0x00000000080024aa                _close
 .text._fstat   0x00000000080024c2       0x20 ./Core/Src/syscalls.o
                0x00000000080024c2                _fstat
 .text._isatty  0x00000000080024e2       0x16 ./Core/Src/syscalls.o
                0x00000000080024e2                _isatty
 .text._lseek   0x00000000080024f8       0x1a ./Core/Src/syscalls.o
                0x00000000080024f8                _lseek
 *fill*         0x0000000008002512        0x2 
 .text._sbrk    0x0000000008002514       0x6c ./Core/Src/sysmem.o
                0x0000000008002514                _sbrk
 .text.Reset_Handler
                0x0000000008002580       0x50 ./Core/Startup/startup_stm32h755zitx.o
                0x0000000008002580                Reset_Handler
 .text.Default_Handler
                0x00000000080025d0        0x2 ./Core/Startup/startup_stm32h755zitx.o
                0x00000000080025d0                RTC_Alarm_IRQHandler
                0x00000000080025d0                HASH_RNG_IRQHandler
                0x00000000080025d0                EXTI2_IRQHandler
                0x00000000080025d0                TIM8_CC_IRQHandler
                0x00000000080025d0                HRTIM1_Master_IRQHandler
                0x00000000080025d0                UART8_IRQHandler
                0x00000000080025d0                SPI4_IRQHandler
                0x00000000080025d0                TIM1_CC_IRQHandler
                0x00000000080025d0                BDMA_Channel6_IRQHandler
                0x00000000080025d0                DMA2_Stream5_IRQHandler
                0x00000000080025d0                HRTIM1_FLT_IRQHandler
                0x00000000080025d0                JPEG_IRQHandler
                0x00000000080025d0                DMA1_Stream5_IRQHandler
                0x00000000080025d0                BDMA_Channel1_IRQHandler
                0x00000000080025d0                HRTIM1_TIMD_IRQHandler
                0x00000000080025d0                TAMP_STAMP_IRQHandler
                0x00000000080025d0                EXTI3_IRQHandler
                0x00000000080025d0                LPTIM4_IRQHandler
                0x00000000080025d0                TIM8_TRG_COM_TIM14_IRQHandler
                0x00000000080025d0                LPTIM2_IRQHandler
                0x00000000080025d0                DFSDM1_FLT1_IRQHandler
                0x00000000080025d0                DMAMUX2_OVR_IRQHandler
                0x00000000080025d0                TIM8_UP_TIM13_IRQHandler
                0x00000000080025d0                I2C3_ER_IRQHandler
                0x00000000080025d0                DFSDM1_FLT2_IRQHandler
                0x00000000080025d0                MDMA_IRQHandler
                0x00000000080025d0                LPTIM3_IRQHandler
                0x00000000080025d0                HSEM1_IRQHandler
                0x00000000080025d0                EXTI0_IRQHandler
                0x00000000080025d0                I2C2_EV_IRQHandler
                0x00000000080025d0                DMA1_Stream2_IRQHandler
                0x00000000080025d0                FPU_IRQHandler
                0x00000000080025d0                OTG_HS_WKUP_IRQHandler
                0x00000000080025d0                FDCAN1_IT1_IRQHandler
                0x00000000080025d0                LTDC_ER_IRQHandler
                0x00000000080025d0                DMA2_Stream2_IRQHandler
                0x00000000080025d0                HRTIM1_TIME_IRQHandler
                0x00000000080025d0                SPI1_IRQHandler
                0x00000000080025d0                TIM6_DAC_IRQHandler
                0x00000000080025d0                DCMI_IRQHandler
                0x00000000080025d0                HRTIM1_TIMC_IRQHandler
                0x00000000080025d0                DMA2_Stream3_IRQHandler
                0x00000000080025d0                SAI2_IRQHandler
                0x00000000080025d0                DFSDM1_FLT3_IRQHandler
                0x00000000080025d0                USART6_IRQHandler
                0x00000000080025d0                TIM17_IRQHandler
                0x00000000080025d0                BDMA_Channel7_IRQHandler
                0x00000000080025d0                CRYP_IRQHandler
                0x00000000080025d0                LPTIM5_IRQHandler
                0x00000000080025d0                UART5_IRQHandler
                0x00000000080025d0                ADC3_IRQHandler
                0x00000000080025d0                DMA2_Stream0_IRQHandler
                0x00000000080025d0                TIM4_IRQHandler
                0x00000000080025d0                BDMA_Channel2_IRQHandler
                0x00000000080025d0                QUADSPI_IRQHandler
                0x00000000080025d0                DMA1_Stream6_IRQHandler
                0x00000000080025d0                DMAMUX1_OVR_IRQHandler
                0x00000000080025d0                DMA1_Stream1_IRQHandler
                0x00000000080025d0                TIM16_IRQHandler
                0x00000000080025d0                UART4_IRQHandler
                0x00000000080025d0                BDMA_Channel5_IRQHandler
                0x00000000080025d0                TIM3_IRQHandler
                0x00000000080025d0                RCC_IRQHandler
                0x00000000080025d0                TIM8_BRK_TIM12_IRQHandler
                0x00000000080025d0                TIM1_TRG_COM_IRQHandler
                0x00000000080025d0                Default_Handler
                0x00000000080025d0                ECC_IRQHandler
                0x00000000080025d0                CEC_IRQHandler
                0x00000000080025d0                EXTI15_10_IRQHandler
                0x00000000080025d0                BDMA_Channel0_IRQHandler
                0x00000000080025d0                ADC_IRQHandler
                0x00000000080025d0                DMA1_Stream7_IRQHandler
                0x00000000080025d0                HRTIM1_TIMA_IRQHandler
                0x00000000080025d0                SPI5_IRQHandler
                0x00000000080025d0                TIM7_IRQHandler
                0x00000000080025d0                SDMMC1_IRQHandler
                0x00000000080025d0                TIM5_IRQHandler
                0x00000000080025d0                DMA2_Stream7_IRQHandler
                0x00000000080025d0                TIM15_IRQHandler
                0x00000000080025d0                PVD_AVD_IRQHandler
                0x00000000080025d0                I2C3_EV_IRQHandler
                0x00000000080025d0                EXTI9_5_IRQHandler
                0x00000000080025d0                RTC_WKUP_IRQHandler
                0x00000000080025d0                LTDC_IRQHandler
                0x00000000080025d0                SAI3_IRQHandler
                0x00000000080025d0                ETH_WKUP_IRQHandler
                0x00000000080025d0                SPDIF_RX_IRQHandler
                0x00000000080025d0                SPI2_IRQHandler
                0x00000000080025d0                OTG_HS_EP1_IN_IRQHandler
                0x00000000080025d0                DMA1_Stream0_IRQHandler
                0x00000000080025d0                CRS_IRQHandler
                0x00000000080025d0                CM7_SEV_IRQHandler
                0x00000000080025d0                EXTI4_IRQHandler
                0x00000000080025d0                CM4_SEV_IRQHandler
                0x00000000080025d0                HRTIM1_TIMB_IRQHandler
                0x00000000080025d0                FDCAN2_IT1_IRQHandler
                0x00000000080025d0                ETH_IRQHandler
                0x00000000080025d0                TIM1_UP_IRQHandler
                0x00000000080025d0                WWDG_RST_IRQHandler
                0x00000000080025d0                BDMA_Channel4_IRQHandler
                0x00000000080025d0                OTG_HS_EP1_OUT_IRQHandler
                0x00000000080025d0                WWDG_IRQHandler
                0x00000000080025d0                SPI6_IRQHandler
                0x00000000080025d0                MDIOS_IRQHandler
                0x00000000080025d0                I2C4_EV_IRQHandler
                0x00000000080025d0                FDCAN2_IT0_IRQHandler
                0x00000000080025d0                LPUART1_IRQHandler
                0x00000000080025d0                FDCAN1_IT0_IRQHandler
                0x00000000080025d0                TIM2_IRQHandler
                0x00000000080025d0                OTG_FS_WKUP_IRQHandler
                0x00000000080025d0                OTG_HS_IRQHandler
                0x00000000080025d0                HSEM2_IRQHandler
                0x00000000080025d0                DMA2D_IRQHandler
                0x00000000080025d0                TIM1_BRK_IRQHandler
                0x00000000080025d0                EXTI1_IRQHandler
                0x00000000080025d0                SDMMC2_IRQHandler
                0x00000000080025d0                OTG_FS_EP1_OUT_IRQHandler
                0x00000000080025d0                BDMA_Channel3_IRQHandler
                0x00000000080025d0                HOLD_CORE_IRQHandler
                0x00000000080025d0                UART7_IRQHandler
                0x00000000080025d0                MDIOS_WKUP_IRQHandler
                0x00000000080025d0                DFSDM1_FLT0_IRQHandler
                0x00000000080025d0                SAI4_IRQHandler
                0x00000000080025d0                I2C2_ER_IRQHandler
                0x00000000080025d0                DMA2_Stream1_IRQHandler
                0x00000000080025d0                FLASH_IRQHandler
                0x00000000080025d0                DMA2_Stream4_IRQHandler
                0x00000000080025d0                OTG_FS_IRQHandler
                0x00000000080025d0                SPI3_IRQHandler
                0x00000000080025d0                WAKEUP_PIN_IRQHandler
                0x00000000080025d0                DMA1_Stream4_IRQHandler
                0x00000000080025d0                OTG_FS_EP1_IN_IRQHandler
                0x00000000080025d0                FMC_IRQHandler
                0x00000000080025d0                FDCAN_CAL_IRQHandler
                0x00000000080025d0                SWPMI1_IRQHandler
                0x00000000080025d0                COMP1_IRQHandler
                0x00000000080025d0                LPTIM1_IRQHandler
                0x00000000080025d0                I2C4_ER_IRQHandler
                0x00000000080025d0                DMA2_Stream6_IRQHandler
                0x00000000080025d0                SAI1_IRQHandler
                0x00000000080025d0                DMA1_Stream3_IRQHandler
 .text.stm32_lock_init
                0x00000000080025d2       0x2c ./Core/ThreadSafe/newlib_lock_glue.o
 .text.stm32_lock_acquire
                0x00000000080025fe       0x6e ./Core/ThreadSafe/newlib_lock_glue.o
 .text.stm32_lock_release
                0x000000000800266c       0x52 ./Core/ThreadSafe/newlib_lock_glue.o
 .text.__retarget_lock_init_recursive
                0x00000000080026be       0x4c ./Core/ThreadSafe/newlib_lock_glue.o
                0x00000000080026be                __retarget_lock_init_recursive
 .text.__retarget_lock_acquire_recursive
                0x000000000800270a       0x28 ./Core/ThreadSafe/newlib_lock_glue.o
                0x000000000800270a                __retarget_lock_acquire_recursive
 .text.__retarget_lock_release_recursive
                0x0000000008002732       0x28 ./Core/ThreadSafe/newlib_lock_glue.o
                0x0000000008002732                __retarget_lock_release_recursive
 *fill*         0x000000000800275a        0x2 
 .text.HAL_Init
                0x000000000800275c       0x78 ./Drivers/STM32H7xx_HAL_Driver/stm32h7xx_hal.o
                0x000000000800275c                HAL_Init
 .text.HAL_InitTick
                0x00000000080027d4       0x6c ./Drivers/STM32H7xx_HAL_Driver/stm32h7xx_hal.o
                0x00000000080027d4                HAL_InitTick
 .text.HAL_IncTick
                0x0000000008002840       0x28 ./Drivers/STM32H7xx_HAL_Driver/stm32h7xx_hal.o
                0x0000000008002840                HAL_IncTick
 .text.HAL_GetTick
                0x0000000008002868       0x18 ./Drivers/STM32H7xx_HAL_Driver/stm32h7xx_hal.o
                0x0000000008002868                HAL_GetTick
 .text.HAL_Delay
                0x0000000008002880       0x48 ./Drivers/STM32H7xx_HAL_Driver/stm32h7xx_hal.o
                0x0000000008002880                HAL_Delay
 .text.HAL_GetREVID
                0x00000000080028c8       0x18 ./Drivers/STM32H7xx_HAL_Driver/stm32h7xx_hal.o
                0x00000000080028c8                HAL_GetREVID
 .text.__NVIC_SetPriorityGrouping
                0x00000000080028e0       0x48 ./Drivers/STM32H7xx_HAL_Driver/stm32h7xx_hal_cortex.o
 .text.__NVIC_GetPriorityGrouping
                0x0000000008002928       0x1c ./Drivers/STM32H7xx_HAL_Driver/stm32h7xx_hal_cortex.o
 .text.__NVIC_EnableIRQ
                0x0000000008002944       0x3c ./Drivers/STM32H7xx_HAL_Driver/stm32h7xx_hal_cortex.o
 .text.__NVIC_SetPriority
                0x0000000008002980       0x54 ./Drivers/STM32H7xx_HAL_Driver/stm32h7xx_hal_cortex.o
 .text.NVIC_EncodePriority
                0x00000000080029d4       0x66 ./Drivers/STM32H7xx_HAL_Driver/stm32h7xx_hal_cortex.o
 *fill*         0x0000000008002a3a        0x2 
 .text.SysTick_Config
                0x0000000008002a3c       0x44 ./Drivers/STM32H7xx_HAL_Driver/stm32h7xx_hal_cortex.o
 .text.HAL_NVIC_SetPriorityGrouping
                0x0000000008002a80       0x16 ./Drivers/STM32H7xx_HAL_Driver/stm32h7xx_hal_cortex.o
                0x0000000008002a80                HAL_NVIC_SetPriorityGrouping
 .text.HAL_NVIC_SetPriority
                0x0000000008002a96       0x34 ./Drivers/STM32H7xx_HAL_Driver/stm32h7xx_hal_cortex.o
                0x0000000008002a96                HAL_NVIC_SetPriority
 .text.HAL_NVIC_EnableIRQ
                0x0000000008002aca       0x1c ./Drivers/STM32H7xx_HAL_Driver/stm32h7xx_hal_cortex.o
                0x0000000008002aca                HAL_NVIC_EnableIRQ
 .text.HAL_SYSTICK_Config
                0x0000000008002ae6       0x18 ./Drivers/STM32H7xx_HAL_Driver/stm32h7xx_hal_cortex.o
                0x0000000008002ae6                HAL_SYSTICK_Config
 *fill*         0x0000000008002afe        0x2 
 .text.HAL_DMA_Abort
                0x0000000008002b00      0x63c ./Drivers/STM32H7xx_HAL_Driver/stm32h7xx_hal_dma.o
                0x0000000008002b00                HAL_DMA_Abort
 .text.HAL_DMA_Abort_IT
                0x000000000800313c      0x48c ./Drivers/STM32H7xx_HAL_Driver/stm32h7xx_hal_dma.o
                0x000000000800313c                HAL_DMA_Abort_IT
 .text.HAL_DMA_GetState
                0x00000000080035c8       0x1c ./Drivers/STM32H7xx_HAL_Driver/stm32h7xx_hal_dma.o
                0x00000000080035c8                HAL_DMA_GetState
 .text.HAL_GPIO_Init
                0x00000000080035e4      0x360 ./Drivers/STM32H7xx_HAL_Driver/stm32h7xx_hal_gpio.o
                0x00000000080035e4                HAL_GPIO_Init
 .text.HAL_GPIO_TogglePin
                0x0000000008003944       0x34 ./Drivers/STM32H7xx_HAL_Driver/stm32h7xx_hal_gpio.o
                0x0000000008003944                HAL_GPIO_TogglePin
 .text.HAL_HSEM_FastTake
                0x0000000008003978       0x34 ./Drivers/STM32H7xx_HAL_Driver/stm32h7xx_hal_hsem.o
                0x0000000008003978                HAL_HSEM_FastTake
 .text.HAL_HSEM_Release
                0x00000000080039ac       0x28 ./Drivers/STM32H7xx_HAL_Driver/stm32h7xx_hal_hsem.o
                0x00000000080039ac                HAL_HSEM_Release
 .text.HAL_I2C_Init
                0x00000000080039d4      0x120 ./Drivers/STM32H7xx_HAL_Driver/stm32h7xx_hal_i2c.o
                0x00000000080039d4                HAL_I2C_Init
 .text.HAL_I2C_EV_IRQHandler
                0x0000000008003af4       0x34 ./Drivers/STM32H7xx_HAL_Driver/stm32h7xx_hal_i2c.o
                0x0000000008003af4                HAL_I2C_EV_IRQHandler
 .text.HAL_I2C_ER_IRQHandler
                0x0000000008003b28       0xc2 ./Drivers/STM32H7xx_HAL_Driver/stm32h7xx_hal_i2c.o
                0x0000000008003b28                HAL_I2C_ER_IRQHandler
 .text.HAL_I2C_SlaveTxCpltCallback
                0x0000000008003bea       0x14 ./Drivers/STM32H7xx_HAL_Driver/stm32h7xx_hal_i2c.o
                0x0000000008003bea                HAL_I2C_SlaveTxCpltCallback
 .text.HAL_I2C_SlaveRxCpltCallback
                0x0000000008003bfe       0x14 ./Drivers/STM32H7xx_HAL_Driver/stm32h7xx_hal_i2c.o
                0x0000000008003bfe                HAL_I2C_SlaveRxCpltCallback
 .text.HAL_I2C_AddrCallback
                0x0000000008003c12       0x1c ./Drivers/STM32H7xx_HAL_Driver/stm32h7xx_hal_i2c.o
                0x0000000008003c12                HAL_I2C_AddrCallback
 .text.HAL_I2C_ListenCpltCallback
                0x0000000008003c2e       0x14 ./Drivers/STM32H7xx_HAL_Driver/stm32h7xx_hal_i2c.o
                0x0000000008003c2e                HAL_I2C_ListenCpltCallback
 .text.HAL_I2C_ErrorCallback
                0x0000000008003c42       0x14 ./Drivers/STM32H7xx_HAL_Driver/stm32h7xx_hal_i2c.o
                0x0000000008003c42                HAL_I2C_ErrorCallback
 .text.HAL_I2C_AbortCpltCallback
                0x0000000008003c56       0x14 ./Drivers/STM32H7xx_HAL_Driver/stm32h7xx_hal_i2c.o
                0x0000000008003c56                HAL_I2C_AbortCpltCallback
 .text.I2C_Slave_ISR_IT
                0x0000000008003c6a      0x206 ./Drivers/STM32H7xx_HAL_Driver/stm32h7xx_hal_i2c.o
 .text.I2C_ITAddrCplt
                0x0000000008003e70      0x108 ./Drivers/STM32H7xx_HAL_Driver/stm32h7xx_hal_i2c.o
 .text.I2C_ITSlaveSeqCplt
                0x0000000008003f78       0xbc ./Drivers/STM32H7xx_HAL_Driver/stm32h7xx_hal_i2c.o
 .text.I2C_ITSlaveCplt
                0x0000000008004034      0x3f0 ./Drivers/STM32H7xx_HAL_Driver/stm32h7xx_hal_i2c.o
 .text.I2C_ITListenCplt
                0x0000000008004424       0xac ./Drivers/STM32H7xx_HAL_Driver/stm32h7xx_hal_i2c.o
 .text.I2C_ITError
                0x00000000080044d0      0x1a0 ./Drivers/STM32H7xx_HAL_Driver/stm32h7xx_hal_i2c.o
 .text.I2C_TreatErrorCallback
                0x0000000008004670       0x4e ./Drivers/STM32H7xx_HAL_Driver/stm32h7xx_hal_i2c.o
 .text.I2C_Flush_TXDR
                0x00000000080046be       0x48 ./Drivers/STM32H7xx_HAL_Driver/stm32h7xx_hal_i2c.o
 .text.I2C_DMAAbort
                0x0000000008004706       0x3c ./Drivers/STM32H7xx_HAL_Driver/stm32h7xx_hal_i2c.o
 .text.I2C_Disable_IRQ
                0x0000000008004742       0xbc ./Drivers/STM32H7xx_HAL_Driver/stm32h7xx_hal_i2c.o
 .text.HAL_I2CEx_ConfigAnalogFilter
                0x00000000080047fe       0x96 ./Drivers/STM32H7xx_HAL_Driver/stm32h7xx_hal_i2c_ex.o
                0x00000000080047fe                HAL_I2CEx_ConfigAnalogFilter
 .text.HAL_I2CEx_ConfigDigitalFilter
                0x0000000008004894       0x98 ./Drivers/STM32H7xx_HAL_Driver/stm32h7xx_hal_i2c_ex.o
                0x0000000008004894                HAL_I2CEx_ConfigDigitalFilter
 .text.HAL_PWREx_ConfigSupply
                0x000000000800492c       0xb4 ./Drivers/STM32H7xx_HAL_Driver/stm32h7xx_hal_pwr_ex.o
                0x000000000800492c                HAL_PWREx_ConfigSupply
 .text.HAL_RCC_OscConfig
                0x00000000080049e0      0x85c ./Drivers/STM32H7xx_HAL_Driver/stm32h7xx_hal_rcc.o
                0x00000000080049e0                HAL_RCC_OscConfig
 .text.HAL_RCC_ClockConfig
                0x000000000800523c      0x36c ./Drivers/STM32H7xx_HAL_Driver/stm32h7xx_hal_rcc.o
                0x000000000800523c                HAL_RCC_ClockConfig
 .text.HAL_RCC_GetSysClockFreq
                0x00000000080055a8      0x2f4 ./Drivers/STM32H7xx_HAL_Driver/stm32h7xx_hal_rcc.o
                0x00000000080055a8                HAL_RCC_GetSysClockFreq
 .text.HAL_RCC_GetHCLKFreq
                0x000000000800589c       0x60 ./Drivers/STM32H7xx_HAL_Driver/stm32h7xx_hal_rcc.o
                0x000000000800589c                HAL_RCC_GetHCLKFreq
 .text.HAL_RCC_GetPCLK1Freq
                0x00000000080058fc       0x2c ./Drivers/STM32H7xx_HAL_Driver/stm32h7xx_hal_rcc.o
                0x00000000080058fc                HAL_RCC_GetPCLK1Freq
 .text.HAL_RCC_GetPCLK2Freq
                0x0000000008005928       0x2c ./Drivers/STM32H7xx_HAL_Driver/stm32h7xx_hal_rcc.o
                0x0000000008005928                HAL_RCC_GetPCLK2Freq
 .text.HAL_RCCEx_PeriphCLKConfig
                0x0000000008005954      0xe8c ./Drivers/STM32H7xx_HAL_Driver/stm32h7xx_hal_rcc_ex.o
                0x0000000008005954                HAL_RCCEx_PeriphCLKConfig
 .text.HAL_RCCEx_GetD3PCLK1Freq
                0x00000000080067e0       0x2c ./Drivers/STM32H7xx_HAL_Driver/stm32h7xx_hal_rcc_ex.o
                0x00000000080067e0                HAL_RCCEx_GetD3PCLK1Freq
 .text.HAL_RCCEx_GetPLL2ClockFreq
                0x000000000800680c      0x2a8 ./Drivers/STM32H7xx_HAL_Driver/stm32h7xx_hal_rcc_ex.o
                0x000000000800680c                HAL_RCCEx_GetPLL2ClockFreq
 .text.HAL_RCCEx_GetPLL3ClockFreq
                0x0000000008006ab4      0x2a8 ./Drivers/STM32H7xx_HAL_Driver/stm32h7xx_hal_rcc_ex.o
                0x0000000008006ab4                HAL_RCCEx_GetPLL3ClockFreq
 .text.RCCEx_PLL2_Config
                0x0000000008006d5c      0x164 ./Drivers/STM32H7xx_HAL_Driver/stm32h7xx_hal_rcc_ex.o
 .text.RCCEx_PLL3_Config
                0x0000000008006ec0      0x164 ./Drivers/STM32H7xx_HAL_Driver/stm32h7xx_hal_rcc_ex.o
 .text.HAL_UART_Init
                0x0000000008007024       0xa0 ./Drivers/STM32H7xx_HAL_Driver/stm32h7xx_hal_uart.o
                0x0000000008007024                HAL_UART_Init
 .text.HAL_UART_Transmit
                0x00000000080070c4      0x12c ./Drivers/STM32H7xx_HAL_Driver/stm32h7xx_hal_uart.o
                0x00000000080070c4                HAL_UART_Transmit
 .text.HAL_UART_Receive
                0x00000000080071f0      0x1a6 ./Drivers/STM32H7xx_HAL_Driver/stm32h7xx_hal_uart.o
                0x00000000080071f0                HAL_UART_Receive
 *fill*         0x0000000008007396        0x2 
 .text.HAL_UART_Receive_IT
                0x0000000008007398       0xac ./Drivers/STM32H7xx_HAL_Driver/stm32h7xx_hal_uart.o
                0x0000000008007398                HAL_UART_Receive_IT
 .text.HAL_UART_IRQHandler
                0x0000000008007444      0x73c ./Drivers/STM32H7xx_HAL_Driver/stm32h7xx_hal_uart.o
                0x0000000008007444                HAL_UART_IRQHandler
 .text.HAL_UART_ErrorCallback
                0x0000000008007b80       0x14 ./Drivers/STM32H7xx_HAL_Driver/stm32h7xx_hal_uart.o
                0x0000000008007b80                HAL_UART_ErrorCallback
 .text.HAL_UARTEx_RxEventCallback
                0x0000000008007b94       0x18 ./Drivers/STM32H7xx_HAL_Driver/stm32h7xx_hal_uart.o
                0x0000000008007b94                HAL_UARTEx_RxEventCallback
 .text.UART_SetConfig
                0x0000000008007bac      0xad0 ./Drivers/STM32H7xx_HAL_Driver/stm32h7xx_hal_uart.o
                0x0000000008007bac                UART_SetConfig
 .text.UART_AdvFeatureConfig
                0x000000000800867c      0x144 ./Drivers/STM32H7xx_HAL_Driver/stm32h7xx_hal_uart.o
                0x000000000800867c                UART_AdvFeatureConfig
 .text.UART_CheckIdleState
                0x00000000080087c0       0x96 ./Drivers/STM32H7xx_HAL_Driver/stm32h7xx_hal_uart.o
                0x00000000080087c0                UART_CheckIdleState
 .text.UART_WaitOnFlagUntilTimeout
                0x0000000008008856      0x190 ./Drivers/STM32H7xx_HAL_Driver/stm32h7xx_hal_uart.o
                0x0000000008008856                UART_WaitOnFlagUntilTimeout
 *fill*         0x00000000080089e6        0x2 
 .text.UART_Start_Receive_IT
                0x00000000080089e8      0x254 ./Drivers/STM32H7xx_HAL_Driver/stm32h7xx_hal_uart.o
                0x00000000080089e8                UART_Start_Receive_IT
 .text.UART_EndRxTransfer
                0x0000000008008c3c       0xcc ./Drivers/STM32H7xx_HAL_Driver/stm32h7xx_hal_uart.o
 .text.UART_DMAAbortOnError
                0x0000000008008d08       0x2c ./Drivers/STM32H7xx_HAL_Driver/stm32h7xx_hal_uart.o
 .text.UART_EndTransmit_IT
                0x0000000008008d34       0x56 ./Drivers/STM32H7xx_HAL_Driver/stm32h7xx_hal_uart.o
 .text.UART_RxISR_8BIT
                0x0000000008008d8a      0x160 ./Drivers/STM32H7xx_HAL_Driver/stm32h7xx_hal_uart.o
 .text.UART_RxISR_16BIT
                0x0000000008008eea      0x160 ./Drivers/STM32H7xx_HAL_Driver/stm32h7xx_hal_uart.o
 *fill*         0x000000000800904a        0x2 
 .text.UART_RxISR_8BIT_FIFOEN
                0x000000000800904c      0x2f8 ./Drivers/STM32H7xx_HAL_Driver/stm32h7xx_hal_uart.o
 .text.UART_RxISR_16BIT_FIFOEN
                0x0000000008009344      0x300 ./Drivers/STM32H7xx_HAL_Driver/stm32h7xx_hal_uart.o
 .text.HAL_UARTEx_WakeupCallback
                0x0000000008009644       0x14 ./Drivers/STM32H7xx_HAL_Driver/stm32h7xx_hal_uart_ex.o
                0x0000000008009644                HAL_UARTEx_WakeupCallback
 .text.HAL_UARTEx_RxFifoFullCallback
                0x0000000008009658       0x14 ./Drivers/STM32H7xx_HAL_Driver/stm32h7xx_hal_uart_ex.o
                0x0000000008009658                HAL_UARTEx_RxFifoFullCallback
 .text.HAL_UARTEx_TxFifoEmptyCallback
                0x000000000800966c       0x14 ./Drivers/STM32H7xx_HAL_Driver/stm32h7xx_hal_uart_ex.o
                0x000000000800966c                HAL_UARTEx_TxFifoEmptyCallback
 .text.HAL_UARTEx_DisableFifoMode
                0x0000000008009680       0x72 ./Drivers/STM32H7xx_HAL_Driver/stm32h7xx_hal_uart_ex.o
                0x0000000008009680                HAL_UARTEx_DisableFifoMode
 .text.HAL_UARTEx_SetTxFifoThreshold
                0x00000000080096f2       0x7c ./Drivers/STM32H7xx_HAL_Driver/stm32h7xx_hal_uart_ex.o
                0x00000000080096f2                HAL_UARTEx_SetTxFifoThreshold
 .text.HAL_UARTEx_SetRxFifoThreshold
                0x000000000800976e       0x7c ./Drivers/STM32H7xx_HAL_Driver/stm32h7xx_hal_uart_ex.o
                0x000000000800976e                HAL_UARTEx_SetRxFifoThreshold
 *fill*         0x00000000080097ea        0x2 
 .text.UARTEx_SetNbDataToProcess
                0x00000000080097ec       0x9c ./Drivers/STM32H7xx_HAL_Driver/stm32h7xx_hal_uart_ex.o
 .text.cos      0x0000000008009888       0x98 /home/yuxuan/st/stm32cubeide_1.9.0/plugins/com.st.stm32cube.ide.mcu.externaltools.gnu-tools-for-stm32.10.3-2021.10.linux64_1.0.0.202111181127/tools/bin/../lib/gcc/arm-none-eabi/10.3.1/../../../../arm-none-eabi/lib/thumb/v7e-m+dp/hard/libm.a(lib_a-s_cos.o)
                0x0000000008009888                cos
 .text.sin      0x0000000008009920       0x98 /home/yuxuan/st/stm32cubeide_1.9.0/plugins/com.st.stm32cube.ide.mcu.externaltools.gnu-tools-for-stm32.10.3-2021.10.linux64_1.0.0.202111181127/tools/bin/../lib/gcc/arm-none-eabi/10.3.1/../../../../arm-none-eabi/lib/thumb/v7e-m+dp/hard/libm.a(lib_a-s_sin.o)
                0x0000000008009920                sin
 .text.acos     0x00000000080099b8       0x58 /home/yuxuan/st/stm32cubeide_1.9.0/plugins/com.st.stm32cube.ide.mcu.externaltools.gnu-tools-for-stm32.10.3-2021.10.linux64_1.0.0.202111181127/tools/bin/../lib/gcc/arm-none-eabi/10.3.1/../../../../arm-none-eabi/lib/thumb/v7e-m+dp/hard/libm.a(lib_a-w_acos.o)
                0x00000000080099b8                acos
 .text.atan2    0x0000000008009a10        0x4 /home/yuxuan/st/stm32cubeide_1.9.0/plugins/com.st.stm32cube.ide.mcu.externaltools.gnu-tools-for-stm32.10.3-2021.10.linux64_1.0.0.202111181127/tools/bin/../lib/gcc/arm-none-eabi/10.3.1/../../../../arm-none-eabi/lib/thumb/v7e-m+dp/hard/libm.a(lib_a-w_atan2.o)
                0x0000000008009a10                atan2
 *fill*         0x0000000008009a14        0x4 
 .text.sqrt     0x0000000008009a18       0x40 /home/yuxuan/st/stm32cubeide_1.9.0/plugins/com.st.stm32cube.ide.mcu.externaltools.gnu-tools-for-stm32.10.3-2021.10.linux64_1.0.0.202111181127/tools/bin/../lib/gcc/arm-none-eabi/10.3.1/../../../../arm-none-eabi/lib/thumb/v7e-m+dp/hard/libm.a(lib_a-w_sqrt.o)
                0x0000000008009a18                sqrt
 .text.__ieee754_acos
                0x0000000008009a58      0x25c /home/yuxuan/st/stm32cubeide_1.9.0/plugins/com.st.stm32cube.ide.mcu.externaltools.gnu-tools-for-stm32.10.3-2021.10.linux64_1.0.0.202111181127/tools/bin/../lib/gcc/arm-none-eabi/10.3.1/../../../../arm-none-eabi/lib/thumb/v7e-m+dp/hard/libm.a(lib_a-e_acos.o)
                0x0000000008009a58                __ieee754_acos
 *fill*         0x0000000008009cb4        0x4 
 .text.__ieee754_atan2
                0x0000000008009cb8      0x184 /home/yuxuan/st/stm32cubeide_1.9.0/plugins/com.st.stm32cube.ide.mcu.externaltools.gnu-tools-for-stm32.10.3-2021.10.linux64_1.0.0.202111181127/tools/bin/../lib/gcc/arm-none-eabi/10.3.1/../../../../arm-none-eabi/lib/thumb/v7e-m+dp/hard/libm.a(lib_a-e_atan2.o)
                0x0000000008009cb8                __ieee754_atan2
 *fill*         0x0000000008009e3c        0x4 
 .text.__ieee754_rem_pio2
                0x0000000008009e40      0x288 /home/yuxuan/st/stm32cubeide_1.9.0/plugins/com.st.stm32cube.ide.mcu.externaltools.gnu-tools-for-stm32.10.3-2021.10.linux64_1.0.0.202111181127/tools/bin/../lib/gcc/arm-none-eabi/10.3.1/../../../../arm-none-eabi/lib/thumb/v7e-m+dp/hard/libm.a(lib_a-e_rem_pio2.o)
                0x0000000008009e40                __ieee754_rem_pio2
 .text.__ieee754_sqrt
                0x000000000800a0c8        0x6 /home/yuxuan/st/stm32cubeide_1.9.0/plugins/com.st.stm32cube.ide.mcu.externaltools.gnu-tools-for-stm32.10.3-2021.10.linux64_1.0.0.202111181127/tools/bin/../lib/gcc/arm-none-eabi/10.3.1/../../../../arm-none-eabi/lib/thumb/v7e-m+dp/hard/libm.a(lib_a-e_sqrt.o)
                0x000000000800a0c8                __ieee754_sqrt
 *fill*         0x000000000800a0ce        0x2 
 .text.__kernel_cos
                0x000000000800a0d0       0xd8 /home/yuxuan/st/stm32cubeide_1.9.0/plugins/com.st.stm32cube.ide.mcu.externaltools.gnu-tools-for-stm32.10.3-2021.10.linux64_1.0.0.202111181127/tools/bin/../lib/gcc/arm-none-eabi/10.3.1/../../../../arm-none-eabi/lib/thumb/v7e-m+dp/hard/libm.a(lib_a-k_cos.o)
                0x000000000800a0d0                __kernel_cos
 .text.__kernel_rem_pio2
                0x000000000800a1a8      0x530 /home/yuxuan/st/stm32cubeide_1.9.0/plugins/com.st.stm32cube.ide.mcu.externaltools.gnu-tools-for-stm32.10.3-2021.10.linux64_1.0.0.202111181127/tools/bin/../lib/gcc/arm-none-eabi/10.3.1/../../../../arm-none-eabi/lib/thumb/v7e-m+dp/hard/libm.a(lib_a-k_rem_pio2.o)
                0x000000000800a1a8                __kernel_rem_pio2
 .text.__kernel_sin
                0x000000000800a6d8       0xb0 /home/yuxuan/st/stm32cubeide_1.9.0/plugins/com.st.stm32cube.ide.mcu.externaltools.gnu-tools-for-stm32.10.3-2021.10.linux64_1.0.0.202111181127/tools/bin/../lib/gcc/arm-none-eabi/10.3.1/../../../../arm-none-eabi/lib/thumb/v7e-m+dp/hard/libm.a(lib_a-k_sin.o)
                0x000000000800a6d8                __kernel_sin
 .text.atan     0x000000000800a788      0x1f4 /home/yuxuan/st/stm32cubeide_1.9.0/plugins/com.st.stm32cube.ide.mcu.externaltools.gnu-tools-for-stm32.10.3-2021.10.linux64_1.0.0.202111181127/tools/bin/../lib/gcc/arm-none-eabi/10.3.1/../../../../arm-none-eabi/lib/thumb/v7e-m+dp/hard/libm.a(lib_a-s_atan.o)
                0x000000000800a788                atan
 .text.fabs     0x000000000800a97c       0x12 /home/yuxuan/st/stm32cubeide_1.9.0/plugins/com.st.stm32cube.ide.mcu.externaltools.gnu-tools-for-stm32.10.3-2021.10.linux64_1.0.0.202111181127/tools/bin/../lib/gcc/arm-none-eabi/10.3.1/../../../../arm-none-eabi/lib/thumb/v7e-m+dp/hard/libm.a(lib_a-s_fabs.o)
                0x000000000800a97c                fabs
 *fill*         0x000000000800a98e        0x2 
 .text.floor    0x000000000800a990       0xe8 /home/yuxuan/st/stm32cubeide_1.9.0/plugins/com.st.stm32cube.ide.mcu.externaltools.gnu-tools-for-stm32.10.3-2021.10.linux64_1.0.0.202111181127/tools/bin/../lib/gcc/arm-none-eabi/10.3.1/../../../../arm-none-eabi/lib/thumb/v7e-m+dp/hard/libm.a(lib_a-s_floor.o)
                0x000000000800a990                floor
 .text.nan      0x000000000800aa78       0x10 /home/yuxuan/st/stm32cubeide_1.9.0/plugins/com.st.stm32cube.ide.mcu.externaltools.gnu-tools-for-stm32.10.3-2021.10.linux64_1.0.0.202111181127/tools/bin/../lib/gcc/arm-none-eabi/10.3.1/../../../../arm-none-eabi/lib/thumb/v7e-m+dp/hard/libm.a(lib_a-s_nan.o)
                0x000000000800aa78                nan
 .text.scalbn   0x000000000800aa88      0x114 /home/yuxuan/st/stm32cubeide_1.9.0/plugins/com.st.stm32cube.ide.mcu.externaltools.gnu-tools-for-stm32.10.3-2021.10.linux64_1.0.0.202111181127/tools/bin/../lib/gcc/arm-none-eabi/10.3.1/../../../../arm-none-eabi/lib/thumb/v7e-m+dp/hard/libm.a(lib_a-s_scalbn.o)
                0x000000000800aa88                scalbn
 .text.__errno  0x000000000800ab9c        0xc /home/yuxuan/st/stm32cubeide_1.9.0/plugins/com.st.stm32cube.ide.mcu.externaltools.gnu-tools-for-stm32.10.3-2021.10.linux64_1.0.0.202111181127/tools/bin/../lib/gcc/arm-none-eabi/10.3.1/../../../../arm-none-eabi/lib/thumb/v7e-m+dp/hard/libc_nano.a(lib_a-errno.o)
                0x000000000800ab9c                __errno
 .text.__libc_init_array
                0x000000000800aba8       0x48 /home/yuxuan/st/stm32cubeide_1.9.0/plugins/com.st.stm32cube.ide.mcu.externaltools.gnu-tools-for-stm32.10.3-2021.10.linux64_1.0.0.202111181127/tools/bin/../lib/gcc/arm-none-eabi/10.3.1/../../../../arm-none-eabi/lib/thumb/v7e-m+dp/hard/libc_nano.a(lib_a-init.o)
                0x000000000800aba8                __libc_init_array
 .text.malloc   0x000000000800abf0       0x10 /home/yuxuan/st/stm32cubeide_1.9.0/plugins/com.st.stm32cube.ide.mcu.externaltools.gnu-tools-for-stm32.10.3-2021.10.linux64_1.0.0.202111181127/tools/bin/../lib/gcc/arm-none-eabi/10.3.1/../../../../arm-none-eabi/lib/thumb/v7e-m+dp/hard/libc_nano.a(lib_a-malloc.o)
                0x000000000800abf0                malloc
 .text.memset   0x000000000800ac00       0x10 /home/yuxuan/st/stm32cubeide_1.9.0/plugins/com.st.stm32cube.ide.mcu.externaltools.gnu-tools-for-stm32.10.3-2021.10.linux64_1.0.0.202111181127/tools/bin/../lib/gcc/arm-none-eabi/10.3.1/../../../../arm-none-eabi/lib/thumb/v7e-m+dp/hard/libc_nano.a(lib_a-memset.o)
                0x000000000800ac00                memset
 .text._free_r  0x000000000800ac10       0x98 /home/yuxuan/st/stm32cubeide_1.9.0/plugins/com.st.stm32cube.ide.mcu.externaltools.gnu-tools-for-stm32.10.3-2021.10.linux64_1.0.0.202111181127/tools/bin/../lib/gcc/arm-none-eabi/10.3.1/../../../../arm-none-eabi/lib/thumb/v7e-m+dp/hard/libc_nano.a(lib_a-nano-freer.o)
                0x000000000800ac10                _free_r
 .text.sbrk_aligned
                0x000000000800aca8       0x40 /home/yuxuan/st/stm32cubeide_1.9.0/plugins/com.st.stm32cube.ide.mcu.externaltools.gnu-tools-for-stm32.10.3-2021.10.linux64_1.0.0.202111181127/tools/bin/../lib/gcc/arm-none-eabi/10.3.1/../../../../arm-none-eabi/lib/thumb/v7e-m+dp/hard/libc_nano.a(lib_a-nano-mallocr.o)
 .text._malloc_r
                0x000000000800ace8       0xe8 /home/yuxuan/st/stm32cubeide_1.9.0/plugins/com.st.stm32cube.ide.mcu.externaltools.gnu-tools-for-stm32.10.3-2021.10.linux64_1.0.0.202111181127/tools/bin/../lib/gcc/arm-none-eabi/10.3.1/../../../../arm-none-eabi/lib/thumb/v7e-m+dp/hard/libc_nano.a(lib_a-nano-mallocr.o)
                0x000000000800ace8                _malloc_r
 .text.__cvt    0x000000000800add0       0xa4 /home/yuxuan/st/stm32cubeide_1.9.0/plugins/com.st.stm32cube.ide.mcu.externaltools.gnu-tools-for-stm32.10.3-2021.10.linux64_1.0.0.202111181127/tools/bin/../lib/gcc/arm-none-eabi/10.3.1/../../../../arm-none-eabi/lib/thumb/v7e-m+dp/hard/libc_nano.a(lib_a-nano-vfprintf_float.o)
                0x000000000800add0                __cvt
 .text.__exponent
                0x000000000800ae74       0x7c /home/yuxuan/st/stm32cubeide_1.9.0/plugins/com.st.stm32cube.ide.mcu.externaltools.gnu-tools-for-stm32.10.3-2021.10.linux64_1.0.0.202111181127/tools/bin/../lib/gcc/arm-none-eabi/10.3.1/../../../../arm-none-eabi/lib/thumb/v7e-m+dp/hard/libc_nano.a(lib_a-nano-vfprintf_float.o)
                0x000000000800ae74                __exponent
 .text._printf_float
                0x000000000800aef0      0x43c /home/yuxuan/st/stm32cubeide_1.9.0/plugins/com.st.stm32cube.ide.mcu.externaltools.gnu-tools-for-stm32.10.3-2021.10.linux64_1.0.0.202111181127/tools/bin/../lib/gcc/arm-none-eabi/10.3.1/../../../../arm-none-eabi/lib/thumb/v7e-m+dp/hard/libc_nano.a(lib_a-nano-vfprintf_float.o)
                0x000000000800aef0                _printf_float
 .text._printf_common
                0x000000000800b32c       0xda /home/yuxuan/st/stm32cubeide_1.9.0/plugins/com.st.stm32cube.ide.mcu.externaltools.gnu-tools-for-stm32.10.3-2021.10.linux64_1.0.0.202111181127/tools/bin/../lib/gcc/arm-none-eabi/10.3.1/../../../../arm-none-eabi/lib/thumb/v7e-m+dp/hard/libc_nano.a(lib_a-nano-vfprintf_i.o)
                0x000000000800b32c                _printf_common
 *fill*         0x000000000800b406        0x2 
 .text._printf_i
                0x000000000800b408      0x24c /home/yuxuan/st/stm32cubeide_1.9.0/plugins/com.st.stm32cube.ide.mcu.externaltools.gnu-tools-for-stm32.10.3-2021.10.linux64_1.0.0.202111181127/tools/bin/../lib/gcc/arm-none-eabi/10.3.1/../../../../arm-none-eabi/lib/thumb/v7e-m+dp/hard/libc_nano.a(lib_a-nano-vfprintf_i.o)
                0x000000000800b408                _printf_i
 .text._scanf_float
                0x000000000800b654      0x40c /home/yuxuan/st/stm32cubeide_1.9.0/plugins/com.st.stm32cube.ide.mcu.externaltools.gnu-tools-for-stm32.10.3-2021.10.linux64_1.0.0.202111181127/tools/bin/../lib/gcc/arm-none-eabi/10.3.1/../../../../arm-none-eabi/lib/thumb/v7e-m+dp/hard/libc_nano.a(lib_a-nano-vfscanf_float.o)
                0x000000000800b654                _scanf_float
 .text._sbrk_r  0x000000000800ba60       0x20 /home/yuxuan/st/stm32cubeide_1.9.0/plugins/com.st.stm32cube.ide.mcu.externaltools.gnu-tools-for-stm32.10.3-2021.10.linux64_1.0.0.202111181127/tools/bin/../lib/gcc/arm-none-eabi/10.3.1/../../../../arm-none-eabi/lib/thumb/v7e-m+dp/hard/libc_nano.a(lib_a-sbrkr.o)
                0x000000000800ba60                _sbrk_r
 .text.nanf     0x000000000800ba80        0xc /home/yuxuan/st/stm32cubeide_1.9.0/plugins/com.st.stm32cube.ide.mcu.externaltools.gnu-tools-for-stm32.10.3-2021.10.linux64_1.0.0.202111181127/tools/bin/../lib/gcc/arm-none-eabi/10.3.1/../../../../arm-none-eabi/lib/thumb/v7e-m+dp/hard/libc_nano.a(lib_a-sf_nan.o)
                0x000000000800ba80                nanf
 .text.sprintf  0x000000000800ba8c       0x40 /home/yuxuan/st/stm32cubeide_1.9.0/plugins/com.st.stm32cube.ide.mcu.externaltools.gnu-tools-for-stm32.10.3-2021.10.linux64_1.0.0.202111181127/tools/bin/../lib/gcc/arm-none-eabi/10.3.1/../../../../arm-none-eabi/lib/thumb/v7e-m+dp/hard/libc_nano.a(lib_a-sprintf.o)
                0x000000000800ba8c                sprintf
                0x000000000800ba8c                siprintf
 .text.sscanf   0x000000000800bacc       0x58 /home/yuxuan/st/stm32cubeide_1.9.0/plugins/com.st.stm32cube.ide.mcu.externaltools.gnu-tools-for-stm32.10.3-2021.10.linux64_1.0.0.202111181127/tools/bin/../lib/gcc/arm-none-eabi/10.3.1/../../../../arm-none-eabi/lib/thumb/v7e-m+dp/hard/libc_nano.a(lib_a-sscanf.o)
                0x000000000800bacc                sscanf
                0x000000000800bacc                siscanf
 .text.__sread  0x000000000800bb24       0x22 /home/yuxuan/st/stm32cubeide_1.9.0/plugins/com.st.stm32cube.ide.mcu.externaltools.gnu-tools-for-stm32.10.3-2021.10.linux64_1.0.0.202111181127/tools/bin/../lib/gcc/arm-none-eabi/10.3.1/../../../../arm-none-eabi/lib/thumb/v7e-m+dp/hard/libc_nano.a(lib_a-stdio.o)
                0x000000000800bb24                __sread
 .text.__seofread
                0x000000000800bb46        0x4 /home/yuxuan/st/stm32cubeide_1.9.0/plugins/com.st.stm32cube.ide.mcu.externaltools.gnu-tools-for-stm32.10.3-2021.10.linux64_1.0.0.202111181127/tools/bin/../lib/gcc/arm-none-eabi/10.3.1/../../../../arm-none-eabi/lib/thumb/v7e-m+dp/hard/libc_nano.a(lib_a-stdio.o)
                0x000000000800bb46                __seofread
 .text.__swrite
                0x000000000800bb4a       0x38 /home/yuxuan/st/stm32cubeide_1.9.0/plugins/com.st.stm32cube.ide.mcu.externaltools.gnu-tools-for-stm32.10.3-2021.10.linux64_1.0.0.202111181127/tools/bin/../lib/gcc/arm-none-eabi/10.3.1/../../../../arm-none-eabi/lib/thumb/v7e-m+dp/hard/libc_nano.a(lib_a-stdio.o)
                0x000000000800bb4a                __swrite
 .text.__sseek  0x000000000800bb82       0x24 /home/yuxuan/st/stm32cubeide_1.9.0/plugins/com.st.stm32cube.ide.mcu.externaltools.gnu-tools-for-stm32.10.3-2021.10.linux64_1.0.0.202111181127/tools/bin/../lib/gcc/arm-none-eabi/10.3.1/../../../../arm-none-eabi/lib/thumb/v7e-m+dp/hard/libc_nano.a(lib_a-stdio.o)
                0x000000000800bb82                __sseek
 .text.__sclose
                0x000000000800bba6        0x8 /home/yuxuan/st/stm32cubeide_1.9.0/plugins/com.st.stm32cube.ide.mcu.externaltools.gnu-tools-for-stm32.10.3-2021.10.linux64_1.0.0.202111181127/tools/bin/../lib/gcc/arm-none-eabi/10.3.1/../../../../arm-none-eabi/lib/thumb/v7e-m+dp/hard/libc_nano.a(lib_a-stdio.o)
                0x000000000800bba6                __sclose
 .text.sulp     0x000000000800bbae       0x34 /home/yuxuan/st/stm32cubeide_1.9.0/plugins/com.st.stm32cube.ide.mcu.externaltools.gnu-tools-for-stm32.10.3-2021.10.linux64_1.0.0.202111181127/tools/bin/../lib/gcc/arm-none-eabi/10.3.1/../../../../arm-none-eabi/lib/thumb/v7e-m+dp/hard/libc_nano.a(lib_a-strtod.o)
 *fill*         0x000000000800bbe2        0x6 
 .text._strtod_l
                0x000000000800bbe8      0xb6c /home/yuxuan/st/stm32cubeide_1.9.0/plugins/com.st.stm32cube.ide.mcu.externaltools.gnu-tools-for-stm32.10.3-2021.10.linux64_1.0.0.202111181127/tools/bin/../lib/gcc/arm-none-eabi/10.3.1/../../../../arm-none-eabi/lib/thumb/v7e-m+dp/hard/libc_nano.a(lib_a-strtod.o)
                0x000000000800bbe8                _strtod_l
 .text._strtod_r
                0x000000000800c754        0xc /home/yuxuan/st/stm32cubeide_1.9.0/plugins/com.st.stm32cube.ide.mcu.externaltools.gnu-tools-for-stm32.10.3-2021.10.linux64_1.0.0.202111181127/tools/bin/../lib/gcc/arm-none-eabi/10.3.1/../../../../arm-none-eabi/lib/thumb/v7e-m+dp/hard/libc_nano.a(lib_a-strtod.o)
                0x000000000800c754                _strtod_r
 .text._strtol_l.constprop.0
                0x000000000800c760      0x104 /home/yuxuan/st/stm32cubeide_1.9.0/plugins/com.st.stm32cube.ide.mcu.externaltools.gnu-tools-for-stm32.10.3-2021.10.linux64_1.0.0.202111181127/tools/bin/../lib/gcc/arm-none-eabi/10.3.1/../../../../arm-none-eabi/lib/thumb/v7e-m+dp/hard/libc_nano.a(lib_a-strtol.o)
 .text._strtol_r
                0x000000000800c864        0x4 /home/yuxuan/st/stm32cubeide_1.9.0/plugins/com.st.stm32cube.ide.mcu.externaltools.gnu-tools-for-stm32.10.3-2021.10.linux64_1.0.0.202111181127/tools/bin/../lib/gcc/arm-none-eabi/10.3.1/../../../../arm-none-eabi/lib/thumb/v7e-m+dp/hard/libc_nano.a(lib_a-strtol.o)
                0x000000000800c864                _strtol_r
 .text._write_r
                0x000000000800c868       0x24 /home/yuxuan/st/stm32cubeide_1.9.0/plugins/com.st.stm32cube.ide.mcu.externaltools.gnu-tools-for-stm32.10.3-2021.10.linux64_1.0.0.202111181127/tools/bin/../lib/gcc/arm-none-eabi/10.3.1/../../../../arm-none-eabi/lib/thumb/v7e-m+dp/hard/libc_nano.a(lib_a-writer.o)
                0x000000000800c868                _write_r
 .text._close_r
                0x000000000800c88c       0x20 /home/yuxuan/st/stm32cubeide_1.9.0/plugins/com.st.stm32cube.ide.mcu.externaltools.gnu-tools-for-stm32.10.3-2021.10.linux64_1.0.0.202111181127/tools/bin/../lib/gcc/arm-none-eabi/10.3.1/../../../../arm-none-eabi/lib/thumb/v7e-m+dp/hard/libc_nano.a(lib_a-closer.o)
                0x000000000800c88c                _close_r
 .text.quorem   0x000000000800c8ac      0x116 /home/yuxuan/st/stm32cubeide_1.9.0/plugins/com.st.stm32cube.ide.mcu.externaltools.gnu-tools-for-stm32.10.3-2021.10.linux64_1.0.0.202111181127/tools/bin/../lib/gcc/arm-none-eabi/10.3.1/../../../../arm-none-eabi/lib/thumb/v7e-m+dp/hard/libc_nano.a(lib_a-dtoa.o)
 *fill*         0x000000000800c9c2        0x6 
 .text._dtoa_r  0x000000000800c9c8      0xadc /home/yuxuan/st/stm32cubeide_1.9.0/plugins/com.st.stm32cube.ide.mcu.externaltools.gnu-tools-for-stm32.10.3-2021.10.linux64_1.0.0.202111181127/tools/bin/../lib/gcc/arm-none-eabi/10.3.1/../../../../arm-none-eabi/lib/thumb/v7e-m+dp/hard/libc_nano.a(lib_a-dtoa.o)
                0x000000000800c9c8                _dtoa_r
 .text.rshift   0x000000000800d4a4       0xa4 /home/yuxuan/st/stm32cubeide_1.9.0/plugins/com.st.stm32cube.ide.mcu.externaltools.gnu-tools-for-stm32.10.3-2021.10.linux64_1.0.0.202111181127/tools/bin/../lib/gcc/arm-none-eabi/10.3.1/../../../../arm-none-eabi/lib/thumb/v7e-m+dp/hard/libc_nano.a(lib_a-gdtoa-gethex.o)
 .text.__hexdig_fun
                0x000000000800d548       0x2a /home/yuxuan/st/stm32cubeide_1.9.0/plugins/com.st.stm32cube.ide.mcu.externaltools.gnu-tools-for-stm32.10.3-2021.10.linux64_1.0.0.202111181127/tools/bin/../lib/gcc/arm-none-eabi/10.3.1/../../../../arm-none-eabi/lib/thumb/v7e-m+dp/hard/libc_nano.a(lib_a-gdtoa-gethex.o)
                0x000000000800d548                __hexdig_fun
 *fill*         0x000000000800d572        0x2 
 .text.__gethex
                0x000000000800d574      0x48c /home/yuxuan/st/stm32cubeide_1.9.0/plugins/com.st.stm32cube.ide.mcu.externaltools.gnu-tools-for-stm32.10.3-2021.10.linux64_1.0.0.202111181127/tools/bin/../lib/gcc/arm-none-eabi/10.3.1/../../../../arm-none-eabi/lib/thumb/v7e-m+dp/hard/libc_nano.a(lib_a-gdtoa-gethex.o)
                0x000000000800d574                __gethex
 .text.L_shift  0x000000000800da00       0x24 /home/yuxuan/st/stm32cubeide_1.9.0/plugins/com.st.stm32cube.ide.mcu.externaltools.gnu-tools-for-stm32.10.3-2021.10.linux64_1.0.0.202111181127/tools/bin/../lib/gcc/arm-none-eabi/10.3.1/../../../../arm-none-eabi/lib/thumb/v7e-m+dp/hard/libc_nano.a(lib_a-gdtoa-hexnan.o)
 .text.__match  0x000000000800da24       0x28 /home/yuxuan/st/stm32cubeide_1.9.0/plugins/com.st.stm32cube.ide.mcu.externaltools.gnu-tools-for-stm32.10.3-2021.10.linux64_1.0.0.202111181127/tools/bin/../lib/gcc/arm-none-eabi/10.3.1/../../../../arm-none-eabi/lib/thumb/v7e-m+dp/hard/libc_nano.a(lib_a-gdtoa-hexnan.o)
                0x000000000800da24                __match
 .text.__hexnan
                0x000000000800da4c      0x138 /home/yuxuan/st/stm32cubeide_1.9.0/plugins/com.st.stm32cube.ide.mcu.externaltools.gnu-tools-for-stm32.10.3-2021.10.linux64_1.0.0.202111181127/tools/bin/../lib/gcc/arm-none-eabi/10.3.1/../../../../arm-none-eabi/lib/thumb/v7e-m+dp/hard/libc_nano.a(lib_a-gdtoa-hexnan.o)
                0x000000000800da4c                __hexnan
 .text._localeconv_r
                0x000000000800db84        0x8 /home/yuxuan/st/stm32cubeide_1.9.0/plugins/com.st.stm32cube.ide.mcu.externaltools.gnu-tools-for-stm32.10.3-2021.10.linux64_1.0.0.202111181127/tools/bin/../lib/gcc/arm-none-eabi/10.3.1/../../../../arm-none-eabi/lib/thumb/v7e-m+dp/hard/libc_nano.a(lib_a-localeconv.o)
                0x000000000800db84                _localeconv_r
 .text._lseek_r
                0x000000000800db8c       0x24 /home/yuxuan/st/stm32cubeide_1.9.0/plugins/com.st.stm32cube.ide.mcu.externaltools.gnu-tools-for-stm32.10.3-2021.10.linux64_1.0.0.202111181127/tools/bin/../lib/gcc/arm-none-eabi/10.3.1/../../../../arm-none-eabi/lib/thumb/v7e-m+dp/hard/libc_nano.a(lib_a-lseekr.o)
                0x000000000800db8c                _lseek_r
 .text.__ascii_mbtowc
                0x000000000800dbb0       0x24 /home/yuxuan/st/stm32cubeide_1.9.0/plugins/com.st.stm32cube.ide.mcu.externaltools.gnu-tools-for-stm32.10.3-2021.10.linux64_1.0.0.202111181127/tools/bin/../lib/gcc/arm-none-eabi/10.3.1/../../../../arm-none-eabi/lib/thumb/v7e-m+dp/hard/libc_nano.a(lib_a-mbtowc_r.o)
                0x000000000800dbb0                __ascii_mbtowc
 .text.memcpy   0x000000000800dbd4       0x1c /home/yuxuan/st/stm32cubeide_1.9.0/plugins/com.st.stm32cube.ide.mcu.externaltools.gnu-tools-for-stm32.10.3-2021.10.linux64_1.0.0.202111181127/tools/bin/../lib/gcc/arm-none-eabi/10.3.1/../../../../arm-none-eabi/lib/thumb/v7e-m+dp/hard/libc_nano.a(lib_a-memcpy-stub.o)
                0x000000000800dbd4                memcpy
 .text.__malloc_lock
                0x000000000800dbf0        0xc /home/yuxuan/st/stm32cubeide_1.9.0/plugins/com.st.stm32cube.ide.mcu.externaltools.gnu-tools-for-stm32.10.3-2021.10.linux64_1.0.0.202111181127/tools/bin/../lib/gcc/arm-none-eabi/10.3.1/../../../../arm-none-eabi/lib/thumb/v7e-m+dp/hard/libc_nano.a(lib_a-mlock.o)
                0x000000000800dbf0                __malloc_lock
 .text.__malloc_unlock
                0x000000000800dbfc        0xc /home/yuxuan/st/stm32cubeide_1.9.0/plugins/com.st.stm32cube.ide.mcu.externaltools.gnu-tools-for-stm32.10.3-2021.10.linux64_1.0.0.202111181127/tools/bin/../lib/gcc/arm-none-eabi/10.3.1/../../../../arm-none-eabi/lib/thumb/v7e-m+dp/hard/libc_nano.a(lib_a-mlock.o)
                0x000000000800dbfc                __malloc_unlock
 .text._Balloc  0x000000000800dc08       0x80 /home/yuxuan/st/stm32cubeide_1.9.0/plugins/com.st.stm32cube.ide.mcu.externaltools.gnu-tools-for-stm32.10.3-2021.10.linux64_1.0.0.202111181127/tools/bin/../lib/gcc/arm-none-eabi/10.3.1/../../../../arm-none-eabi/lib/thumb/v7e-m+dp/hard/libc_nano.a(lib_a-mprec.o)
                0x000000000800dc08                _Balloc
 .text._Bfree   0x000000000800dc88       0x44 /home/yuxuan/st/stm32cubeide_1.9.0/plugins/com.st.stm32cube.ide.mcu.externaltools.gnu-tools-for-stm32.10.3-2021.10.linux64_1.0.0.202111181127/tools/bin/../lib/gcc/arm-none-eabi/10.3.1/../../../../arm-none-eabi/lib/thumb/v7e-m+dp/hard/libc_nano.a(lib_a-mprec.o)
                0x000000000800dc88                _Bfree
 .text.__multadd
                0x000000000800dccc       0x8c /home/yuxuan/st/stm32cubeide_1.9.0/plugins/com.st.stm32cube.ide.mcu.externaltools.gnu-tools-for-stm32.10.3-2021.10.linux64_1.0.0.202111181127/tools/bin/../lib/gcc/arm-none-eabi/10.3.1/../../../../arm-none-eabi/lib/thumb/v7e-m+dp/hard/libc_nano.a(lib_a-mprec.o)
                0x000000000800dccc                __multadd
 .text.__s2b    0x000000000800dd58       0x94 /home/yuxuan/st/stm32cubeide_1.9.0/plugins/com.st.stm32cube.ide.mcu.externaltools.gnu-tools-for-stm32.10.3-2021.10.linux64_1.0.0.202111181127/tools/bin/../lib/gcc/arm-none-eabi/10.3.1/../../../../arm-none-eabi/lib/thumb/v7e-m+dp/hard/libc_nano.a(lib_a-mprec.o)
                0x000000000800dd58                __s2b
 .text.__hi0bits
                0x000000000800ddec       0x40 /home/yuxuan/st/stm32cubeide_1.9.0/plugins/com.st.stm32cube.ide.mcu.externaltools.gnu-tools-for-stm32.10.3-2021.10.linux64_1.0.0.202111181127/tools/bin/../lib/gcc/arm-none-eabi/10.3.1/../../../../arm-none-eabi/lib/thumb/v7e-m+dp/hard/libc_nano.a(lib_a-mprec.o)
                0x000000000800ddec                __hi0bits
 .text.__lo0bits
                0x000000000800de2c       0x5e /home/yuxuan/st/stm32cubeide_1.9.0/plugins/com.st.stm32cube.ide.mcu.externaltools.gnu-tools-for-stm32.10.3-2021.10.linux64_1.0.0.202111181127/tools/bin/../lib/gcc/arm-none-eabi/10.3.1/../../../../arm-none-eabi/lib/thumb/v7e-m+dp/hard/libc_nano.a(lib_a-mprec.o)
                0x000000000800de2c                __lo0bits
 *fill*         0x000000000800de8a        0x2 
 .text.__i2b    0x000000000800de8c       0x2c /home/yuxuan/st/stm32cubeide_1.9.0/plugins/com.st.stm32cube.ide.mcu.externaltools.gnu-tools-for-stm32.10.3-2021.10.linux64_1.0.0.202111181127/tools/bin/../lib/gcc/arm-none-eabi/10.3.1/../../../../arm-none-eabi/lib/thumb/v7e-m+dp/hard/libc_nano.a(lib_a-mprec.o)
                0x000000000800de8c                __i2b
 .text.__multiply
                0x000000000800deb8      0x154 /home/yuxuan/st/stm32cubeide_1.9.0/plugins/com.st.stm32cube.ide.mcu.externaltools.gnu-tools-for-stm32.10.3-2021.10.linux64_1.0.0.202111181127/tools/bin/../lib/gcc/arm-none-eabi/10.3.1/../../../../arm-none-eabi/lib/thumb/v7e-m+dp/hard/libc_nano.a(lib_a-mprec.o)
                0x000000000800deb8                __multiply
 .text.__pow5mult
                0x000000000800e00c       0xb4 /home/yuxuan/st/stm32cubeide_1.9.0/plugins/com.st.stm32cube.ide.mcu.externaltools.gnu-tools-for-stm32.10.3-2021.10.linux64_1.0.0.202111181127/tools/bin/../lib/gcc/arm-none-eabi/10.3.1/../../../../arm-none-eabi/lib/thumb/v7e-m+dp/hard/libc_nano.a(lib_a-mprec.o)
                0x000000000800e00c                __pow5mult
 .text.__lshift
                0x000000000800e0c0       0xe0 /home/yuxuan/st/stm32cubeide_1.9.0/plugins/com.st.stm32cube.ide.mcu.externaltools.gnu-tools-for-stm32.10.3-2021.10.linux64_1.0.0.202111181127/tools/bin/../lib/gcc/arm-none-eabi/10.3.1/../../../../arm-none-eabi/lib/thumb/v7e-m+dp/hard/libc_nano.a(lib_a-mprec.o)
                0x000000000800e0c0                __lshift
 .text.__mcmp   0x000000000800e1a0       0x38 /home/yuxuan/st/stm32cubeide_1.9.0/plugins/com.st.stm32cube.ide.mcu.externaltools.gnu-tools-for-stm32.10.3-2021.10.linux64_1.0.0.202111181127/tools/bin/../lib/gcc/arm-none-eabi/10.3.1/../../../../arm-none-eabi/lib/thumb/v7e-m+dp/hard/libc_nano.a(lib_a-mprec.o)
                0x000000000800e1a0                __mcmp
 .text.__mdiff  0x000000000800e1d8      0x114 /home/yuxuan/st/stm32cubeide_1.9.0/plugins/com.st.stm32cube.ide.mcu.externaltools.gnu-tools-for-stm32.10.3-2021.10.linux64_1.0.0.202111181127/tools/bin/../lib/gcc/arm-none-eabi/10.3.1/../../../../arm-none-eabi/lib/thumb/v7e-m+dp/hard/libc_nano.a(lib_a-mprec.o)
                0x000000000800e1d8                __mdiff
 .text.__ulp    0x000000000800e2ec       0x58 /home/yuxuan/st/stm32cubeide_1.9.0/plugins/com.st.stm32cube.ide.mcu.externaltools.gnu-tools-for-stm32.10.3-2021.10.linux64_1.0.0.202111181127/tools/bin/../lib/gcc/arm-none-eabi/10.3.1/../../../../arm-none-eabi/lib/thumb/v7e-m+dp/hard/libc_nano.a(lib_a-mprec.o)
                0x000000000800e2ec                __ulp
 .text.__b2d    0x000000000800e344       0xa0 /home/yuxuan/st/stm32cubeide_1.9.0/plugins/com.st.stm32cube.ide.mcu.externaltools.gnu-tools-for-stm32.10.3-2021.10.linux64_1.0.0.202111181127/tools/bin/../lib/gcc/arm-none-eabi/10.3.1/../../../../arm-none-eabi/lib/thumb/v7e-m+dp/hard/libc_nano.a(lib_a-mprec.o)
                0x000000000800e344                __b2d
 .text.__d2b    0x000000000800e3e4       0xb8 /home/yuxuan/st/stm32cubeide_1.9.0/plugins/com.st.stm32cube.ide.mcu.externaltools.gnu-tools-for-stm32.10.3-2021.10.linux64_1.0.0.202111181127/tools/bin/../lib/gcc/arm-none-eabi/10.3.1/../../../../arm-none-eabi/lib/thumb/v7e-m+dp/hard/libc_nano.a(lib_a-mprec.o)
                0x000000000800e3e4                __d2b
 .text.__ratio  0x000000000800e49c       0x60 /home/yuxuan/st/stm32cubeide_1.9.0/plugins/com.st.stm32cube.ide.mcu.externaltools.gnu-tools-for-stm32.10.3-2021.10.linux64_1.0.0.202111181127/tools/bin/../lib/gcc/arm-none-eabi/10.3.1/../../../../arm-none-eabi/lib/thumb/v7e-m+dp/hard/libc_nano.a(lib_a-mprec.o)
                0x000000000800e49c                __ratio
 .text.__copybits
                0x000000000800e4fc       0x46 /home/yuxuan/st/stm32cubeide_1.9.0/plugins/com.st.stm32cube.ide.mcu.externaltools.gnu-tools-for-stm32.10.3-2021.10.linux64_1.0.0.202111181127/tools/bin/../lib/gcc/arm-none-eabi/10.3.1/../../../../arm-none-eabi/lib/thumb/v7e-m+dp/hard/libc_nano.a(lib_a-mprec.o)
                0x000000000800e4fc                __copybits
 .text.__any_on
                0x000000000800e542       0x42 /home/yuxuan/st/stm32cubeide_1.9.0/plugins/com.st.stm32cube.ide.mcu.externaltools.gnu-tools-for-stm32.10.3-2021.10.linux64_1.0.0.202111181127/tools/bin/../lib/gcc/arm-none-eabi/10.3.1/../../../../arm-none-eabi/lib/thumb/v7e-m+dp/hard/libc_nano.a(lib_a-mprec.o)
                0x000000000800e542                __any_on
 .text._calloc_r
                0x000000000800e584       0x2c /home/yuxuan/st/stm32cubeide_1.9.0/plugins/com.st.stm32cube.ide.mcu.externaltools.gnu-tools-for-stm32.10.3-2021.10.linux64_1.0.0.202111181127/tools/bin/../lib/gcc/arm-none-eabi/10.3.1/../../../../arm-none-eabi/lib/thumb/v7e-m+dp/hard/libc_nano.a(lib_a-nano-callocr.o)
                0x000000000800e584                _calloc_r
 .text.__ssputs_r
                0x000000000800e5b0       0xb6 /home/yuxuan/st/stm32cubeide_1.9.0/plugins/com.st.stm32cube.ide.mcu.externaltools.gnu-tools-for-stm32.10.3-2021.10.linux64_1.0.0.202111181127/tools/bin/../lib/gcc/arm-none-eabi/10.3.1/../../../../arm-none-eabi/lib/thumb/v7e-m+dp/hard/libc_nano.a(lib_a-nano-svfprintf.o)
                0x000000000800e5b0                __ssputs_r
 *fill*         0x000000000800e666        0x2 
 .text._svfprintf_r
                0x000000000800e668      0x200 /home/yuxuan/st/stm32cubeide_1.9.0/plugins/com.st.stm32cube.ide.mcu.externaltools.gnu-tools-for-stm32.10.3-2021.10.linux64_1.0.0.202111181127/tools/bin/../lib/gcc/arm-none-eabi/10.3.1/../../../../arm-none-eabi/lib/thumb/v7e-m+dp/hard/libc_nano.a(lib_a-nano-svfprintf.o)
                0x000000000800e668                _svfprintf_r
                0x000000000800e668                _svfiprintf_r
 .text._sungetc_r
                0x000000000800e868       0x7a /home/yuxuan/st/stm32cubeide_1.9.0/plugins/com.st.stm32cube.ide.mcu.externaltools.gnu-tools-for-stm32.10.3-2021.10.linux64_1.0.0.202111181127/tools/bin/../lib/gcc/arm-none-eabi/10.3.1/../../../../arm-none-eabi/lib/thumb/v7e-m+dp/hard/libc_nano.a(lib_a-nano-svfscanf.o)
                0x000000000800e868                _sungetc_r
 .text.__ssrefill_r
                0x000000000800e8e2       0x3a /home/yuxuan/st/stm32cubeide_1.9.0/plugins/com.st.stm32cube.ide.mcu.externaltools.gnu-tools-for-stm32.10.3-2021.10.linux64_1.0.0.202111181127/tools/bin/../lib/gcc/arm-none-eabi/10.3.1/../../../../arm-none-eabi/lib/thumb/v7e-m+dp/hard/libc_nano.a(lib_a-nano-svfscanf.o)
                0x000000000800e8e2                __ssrefill_r
 .text.__ssvfscanf_r
                0x000000000800e91c      0x2f0 /home/yuxuan/st/stm32cubeide_1.9.0/plugins/com.st.stm32cube.ide.mcu.externaltools.gnu-tools-for-stm32.10.3-2021.10.linux64_1.0.0.202111181127/tools/bin/../lib/gcc/arm-none-eabi/10.3.1/../../../../arm-none-eabi/lib/thumb/v7e-m+dp/hard/libc_nano.a(lib_a-nano-svfscanf.o)
                0x000000000800e91c                __ssvfscanf_r
                0x000000000800e91c                __ssvfiscanf_r
 .text._scanf_chars
                0x000000000800ec0c       0xb4 /home/yuxuan/st/stm32cubeide_1.9.0/plugins/com.st.stm32cube.ide.mcu.externaltools.gnu-tools-for-stm32.10.3-2021.10.linux64_1.0.0.202111181127/tools/bin/../lib/gcc/arm-none-eabi/10.3.1/../../../../arm-none-eabi/lib/thumb/v7e-m+dp/hard/libc_nano.a(lib_a-nano-vfscanf_i.o)
                0x000000000800ec0c                _scanf_chars
 .text._scanf_i
                0x000000000800ecc0      0x1f0 /home/yuxuan/st/stm32cubeide_1.9.0/plugins/com.st.stm32cube.ide.mcu.externaltools.gnu-tools-for-stm32.10.3-2021.10.linux64_1.0.0.202111181127/tools/bin/../lib/gcc/arm-none-eabi/10.3.1/../../../../arm-none-eabi/lib/thumb/v7e-m+dp/hard/libc_nano.a(lib_a-nano-vfscanf_i.o)
                0x000000000800ecc0                _scanf_i
 .text._read_r  0x000000000800eeb0       0x24 /home/yuxuan/st/stm32cubeide_1.9.0/plugins/com.st.stm32cube.ide.mcu.externaltools.gnu-tools-for-stm32.10.3-2021.10.linux64_1.0.0.202111181127/tools/bin/../lib/gcc/arm-none-eabi/10.3.1/../../../../arm-none-eabi/lib/thumb/v7e-m+dp/hard/libc_nano.a(lib_a-readr.o)
                0x000000000800eeb0                _read_r
 .text.__sccl   0x000000000800eed4       0x70 /home/yuxuan/st/stm32cubeide_1.9.0/plugins/com.st.stm32cube.ide.mcu.externaltools.gnu-tools-for-stm32.10.3-2021.10.linux64_1.0.0.202111181127/tools/bin/../lib/gcc/arm-none-eabi/10.3.1/../../../../arm-none-eabi/lib/thumb/v7e-m+dp/hard/libc_nano.a(lib_a-sccl.o)
                0x000000000800eed4                __sccl
 .text.strncmp  0x000000000800ef44       0x28 /home/yuxuan/st/stm32cubeide_1.9.0/plugins/com.st.stm32cube.ide.mcu.externaltools.gnu-tools-for-stm32.10.3-2021.10.linux64_1.0.0.202111181127/tools/bin/../lib/gcc/arm-none-eabi/10.3.1/../../../../arm-none-eabi/lib/thumb/v7e-m+dp/hard/libc_nano.a(lib_a-strncmp.o)
                0x000000000800ef44                strncmp
 .text._strtoul_l.constprop.0
                0x000000000800ef6c       0xe4 /home/yuxuan/st/stm32cubeide_1.9.0/plugins/com.st.stm32cube.ide.mcu.externaltools.gnu-tools-for-stm32.10.3-2021.10.linux64_1.0.0.202111181127/tools/bin/../lib/gcc/arm-none-eabi/10.3.1/../../../../arm-none-eabi/lib/thumb/v7e-m+dp/hard/libc_nano.a(lib_a-strtoul.o)
 .text._strtoul_r
                0x000000000800f050        0x4 /home/yuxuan/st/stm32cubeide_1.9.0/plugins/com.st.stm32cube.ide.mcu.externaltools.gnu-tools-for-stm32.10.3-2021.10.linux64_1.0.0.202111181127/tools/bin/../lib/gcc/arm-none-eabi/10.3.1/../../../../arm-none-eabi/lib/thumb/v7e-m+dp/hard/libc_nano.a(lib_a-strtoul.o)
                0x000000000800f050                _strtoul_r
 .text.__submore
                0x000000000800f054       0x74 /home/yuxuan/st/stm32cubeide_1.9.0/plugins/com.st.stm32cube.ide.mcu.externaltools.gnu-tools-for-stm32.10.3-2021.10.linux64_1.0.0.202111181127/tools/bin/../lib/gcc/arm-none-eabi/10.3.1/../../../../arm-none-eabi/lib/thumb/v7e-m+dp/hard/libc_nano.a(lib_a-ungetc.o)
                0x000000000800f054                __submore
 .text.__ascii_wctomb
                0x000000000800f0c8       0x1a /home/yuxuan/st/stm32cubeide_1.9.0/plugins/com.st.stm32cube.ide.mcu.externaltools.gnu-tools-for-stm32.10.3-2021.10.linux64_1.0.0.202111181127/tools/bin/../lib/gcc/arm-none-eabi/10.3.1/../../../../arm-none-eabi/lib/thumb/v7e-m+dp/hard/libc_nano.a(lib_a-wctomb_r.o)
                0x000000000800f0c8                __ascii_wctomb
 *fill*         0x000000000800f0e2        0x2 
 .text.__assert_func
                0x000000000800f0e4       0x3c /home/yuxuan/st/stm32cubeide_1.9.0/plugins/com.st.stm32cube.ide.mcu.externaltools.gnu-tools-for-stm32.10.3-2021.10.linux64_1.0.0.202111181127/tools/bin/../lib/gcc/arm-none-eabi/10.3.1/../../../../arm-none-eabi/lib/thumb/v7e-m+dp/hard/libc_nano.a(lib_a-assert.o)
                0x000000000800f0e4                __assert_func
 .text.__sflush_r
                0x000000000800f120      0x10c /home/yuxuan/st/stm32cubeide_1.9.0/plugins/com.st.stm32cube.ide.mcu.externaltools.gnu-tools-for-stm32.10.3-2021.10.linux64_1.0.0.202111181127/tools/bin/../lib/gcc/arm-none-eabi/10.3.1/../../../../arm-none-eabi/lib/thumb/v7e-m+dp/hard/libc_nano.a(lib_a-fflush.o)
                0x000000000800f120                __sflush_r
 .text._fflush_r
                0x000000000800f22c       0x78 /home/yuxuan/st/stm32cubeide_1.9.0/plugins/com.st.stm32cube.ide.mcu.externaltools.gnu-tools-for-stm32.10.3-2021.10.linux64_1.0.0.202111181127/tools/bin/../lib/gcc/arm-none-eabi/10.3.1/../../../../arm-none-eabi/lib/thumb/v7e-m+dp/hard/libc_nano.a(lib_a-fflush.o)
                0x000000000800f22c                _fflush_r
 .text.std      0x000000000800f2a4       0x48 /home/yuxuan/st/stm32cubeide_1.9.0/plugins/com.st.stm32cube.ide.mcu.externaltools.gnu-tools-for-stm32.10.3-2021.10.linux64_1.0.0.202111181127/tools/bin/../lib/gcc/arm-none-eabi/10.3.1/../../../../arm-none-eabi/lib/thumb/v7e-m+dp/hard/libc_nano.a(lib_a-findfp.o)
 .text._cleanup_r
                0x000000000800f2ec        0xc /home/yuxuan/st/stm32cubeide_1.9.0/plugins/com.st.stm32cube.ide.mcu.externaltools.gnu-tools-for-stm32.10.3-2021.10.linux64_1.0.0.202111181127/tools/bin/../lib/gcc/arm-none-eabi/10.3.1/../../../../arm-none-eabi/lib/thumb/v7e-m+dp/hard/libc_nano.a(lib_a-findfp.o)
                0x000000000800f2ec                _cleanup_r
 .text.__sfmoreglue
                0x000000000800f2f8       0x2c /home/yuxuan/st/stm32cubeide_1.9.0/plugins/com.st.stm32cube.ide.mcu.externaltools.gnu-tools-for-stm32.10.3-2021.10.linux64_1.0.0.202111181127/tools/bin/../lib/gcc/arm-none-eabi/10.3.1/../../../../arm-none-eabi/lib/thumb/v7e-m+dp/hard/libc_nano.a(lib_a-findfp.o)
                0x000000000800f2f8                __sfmoreglue
 .text.__sfp_lock_acquire
                0x000000000800f324        0xc /home/yuxuan/st/stm32cubeide_1.9.0/plugins/com.st.stm32cube.ide.mcu.externaltools.gnu-tools-for-stm32.10.3-2021.10.linux64_1.0.0.202111181127/tools/bin/../lib/gcc/arm-none-eabi/10.3.1/../../../../arm-none-eabi/lib/thumb/v7e-m+dp/hard/libc_nano.a(lib_a-findfp.o)
                0x000000000800f324                __sfp_lock_acquire
 .text.__sfp_lock_release
                0x000000000800f330        0xc /home/yuxuan/st/stm32cubeide_1.9.0/plugins/com.st.stm32cube.ide.mcu.externaltools.gnu-tools-for-stm32.10.3-2021.10.linux64_1.0.0.202111181127/tools/bin/../lib/gcc/arm-none-eabi/10.3.1/../../../../arm-none-eabi/lib/thumb/v7e-m+dp/hard/libc_nano.a(lib_a-findfp.o)
                0x000000000800f330                __sfp_lock_release
 .text.__sinit_lock_acquire
                0x000000000800f33c        0xc /home/yuxuan/st/stm32cubeide_1.9.0/plugins/com.st.stm32cube.ide.mcu.externaltools.gnu-tools-for-stm32.10.3-2021.10.linux64_1.0.0.202111181127/tools/bin/../lib/gcc/arm-none-eabi/10.3.1/../../../../arm-none-eabi/lib/thumb/v7e-m+dp/hard/libc_nano.a(lib_a-findfp.o)
                0x000000000800f33c                __sinit_lock_acquire
 .text.__sinit_lock_release
                0x000000000800f348        0xc /home/yuxuan/st/stm32cubeide_1.9.0/plugins/com.st.stm32cube.ide.mcu.externaltools.gnu-tools-for-stm32.10.3-2021.10.linux64_1.0.0.202111181127/tools/bin/../lib/gcc/arm-none-eabi/10.3.1/../../../../arm-none-eabi/lib/thumb/v7e-m+dp/hard/libc_nano.a(lib_a-findfp.o)
                0x000000000800f348                __sinit_lock_release
 .text.__sinit  0x000000000800f354       0x70 /home/yuxuan/st/stm32cubeide_1.9.0/plugins/com.st.stm32cube.ide.mcu.externaltools.gnu-tools-for-stm32.10.3-2021.10.linux64_1.0.0.202111181127/tools/bin/../lib/gcc/arm-none-eabi/10.3.1/../../../../arm-none-eabi/lib/thumb/v7e-m+dp/hard/libc_nano.a(lib_a-findfp.o)
                0x000000000800f354                __sinit
 .text.__sfp    0x000000000800f3c4       0x8c /home/yuxuan/st/stm32cubeide_1.9.0/plugins/com.st.stm32cube.ide.mcu.externaltools.gnu-tools-for-stm32.10.3-2021.10.linux64_1.0.0.202111181127/tools/bin/../lib/gcc/arm-none-eabi/10.3.1/../../../../arm-none-eabi/lib/thumb/v7e-m+dp/hard/libc_nano.a(lib_a-findfp.o)
                0x000000000800f3c4                __sfp
 .text.fprintf  0x000000000800f450       0x24 /home/yuxuan/st/stm32cubeide_1.9.0/plugins/com.st.stm32cube.ide.mcu.externaltools.gnu-tools-for-stm32.10.3-2021.10.linux64_1.0.0.202111181127/tools/bin/../lib/gcc/arm-none-eabi/10.3.1/../../../../arm-none-eabi/lib/thumb/v7e-m+dp/hard/libc_nano.a(lib_a-fprintf.o)
                0x000000000800f450                fprintf
                0x000000000800f450                fiprintf
 .text._fwalk_reent
                0x000000000800f474       0x3e /home/yuxuan/st/stm32cubeide_1.9.0/plugins/com.st.stm32cube.ide.mcu.externaltools.gnu-tools-for-stm32.10.3-2021.10.linux64_1.0.0.202111181127/tools/bin/../lib/gcc/arm-none-eabi/10.3.1/../../../../arm-none-eabi/lib/thumb/v7e-m+dp/hard/libc_nano.a(lib_a-fwalk.o)
                0x000000000800f474                _fwalk_reent
 .text.memmove  0x000000000800f4b2       0x34 /home/yuxuan/st/stm32cubeide_1.9.0/plugins/com.st.stm32cube.ide.mcu.externaltools.gnu-tools-for-stm32.10.3-2021.10.linux64_1.0.0.202111181127/tools/bin/../lib/gcc/arm-none-eabi/10.3.1/../../../../arm-none-eabi/lib/thumb/v7e-m+dp/hard/libc_nano.a(lib_a-memmove.o)
                0x000000000800f4b2                memmove
 .text._realloc_r
                0x000000000800f4e6       0x5e /home/yuxuan/st/stm32cubeide_1.9.0/plugins/com.st.stm32cube.ide.mcu.externaltools.gnu-tools-for-stm32.10.3-2021.10.linux64_1.0.0.202111181127/tools/bin/../lib/gcc/arm-none-eabi/10.3.1/../../../../arm-none-eabi/lib/thumb/v7e-m+dp/hard/libc_nano.a(lib_a-nano-reallocr.o)
                0x000000000800f4e6                _realloc_r
 .text.__sfputc_r
                0x000000000800f544       0x2e /home/yuxuan/st/stm32cubeide_1.9.0/plugins/com.st.stm32cube.ide.mcu.externaltools.gnu-tools-for-stm32.10.3-2021.10.linux64_1.0.0.202111181127/tools/bin/../lib/gcc/arm-none-eabi/10.3.1/../../../../arm-none-eabi/lib/thumb/v7e-m+dp/hard/libc_nano.a(lib_a-nano-vfprintf.o)
 .text.__sfputs_r
                0x000000000800f572       0x24 /home/yuxuan/st/stm32cubeide_1.9.0/plugins/com.st.stm32cube.ide.mcu.externaltools.gnu-tools-for-stm32.10.3-2021.10.linux64_1.0.0.202111181127/tools/bin/../lib/gcc/arm-none-eabi/10.3.1/../../../../arm-none-eabi/lib/thumb/v7e-m+dp/hard/libc_nano.a(lib_a-nano-vfprintf.o)
                0x000000000800f572                __sfputs_r
 *fill*         0x000000000800f596        0x2 
 .text._vfprintf_r
                0x000000000800f598      0x260 /home/yuxuan/st/stm32cubeide_1.9.0/plugins/com.st.stm32cube.ide.mcu.externaltools.gnu-tools-for-stm32.10.3-2021.10.linux64_1.0.0.202111181127/tools/bin/../lib/gcc/arm-none-eabi/10.3.1/../../../../arm-none-eabi/lib/thumb/v7e-m+dp/hard/libc_nano.a(lib_a-nano-vfprintf.o)
                0x000000000800f598                _vfiprintf_r
                0x000000000800f598                _vfprintf_r
 .text.__swbuf_r
                0x000000000800f7f8       0xa4 /home/yuxuan/st/stm32cubeide_1.9.0/plugins/com.st.stm32cube.ide.mcu.externaltools.gnu-tools-for-stm32.10.3-2021.10.linux64_1.0.0.202111181127/tools/bin/../lib/gcc/arm-none-eabi/10.3.1/../../../../arm-none-eabi/lib/thumb/v7e-m+dp/hard/libc_nano.a(lib_a-wbuf.o)
                0x000000000800f7f8                __swbuf_r
 .text.__swsetup_r
                0x000000000800f89c       0xdc /home/yuxuan/st/stm32cubeide_1.9.0/plugins/com.st.stm32cube.ide.mcu.externaltools.gnu-tools-for-stm32.10.3-2021.10.linux64_1.0.0.202111181127/tools/bin/../lib/gcc/arm-none-eabi/10.3.1/../../../../arm-none-eabi/lib/thumb/v7e-m+dp/hard/libc_nano.a(lib_a-wsetup.o)
                0x000000000800f89c                __swsetup_r
 .text.abort    0x000000000800f978        0xe /home/yuxuan/st/stm32cubeide_1.9.0/plugins/com.st.stm32cube.ide.mcu.externaltools.gnu-tools-for-stm32.10.3-2021.10.linux64_1.0.0.202111181127/tools/bin/../lib/gcc/arm-none-eabi/10.3.1/../../../../arm-none-eabi/lib/thumb/v7e-m+dp/hard/libc_nano.a(lib_a-abort.o)
                0x000000000800f978                abort
 .text.__swhatbuf_r
                0x000000000800f986       0x4a /home/yuxuan/st/stm32cubeide_1.9.0/plugins/com.st.stm32cube.ide.mcu.externaltools.gnu-tools-for-stm32.10.3-2021.10.linux64_1.0.0.202111181127/tools/bin/../lib/gcc/arm-none-eabi/10.3.1/../../../../arm-none-eabi/lib/thumb/v7e-m+dp/hard/libc_nano.a(lib_a-makebuf.o)
                0x000000000800f986                __swhatbuf_r
 .text.__smakebuf_r
                0x000000000800f9d0       0x80 /home/yuxuan/st/stm32cubeide_1.9.0/plugins/com.st.stm32cube.ide.mcu.externaltools.gnu-tools-for-stm32.10.3-2021.10.linux64_1.0.0.202111181127/tools/bin/../lib/gcc/arm-none-eabi/10.3.1/../../../../arm-none-eabi/lib/thumb/v7e-m+dp/hard/libc_nano.a(lib_a-makebuf.o)
                0x000000000800f9d0                __smakebuf_r
 .text._malloc_usable_size_r
                0x000000000800fa50       0x10 /home/yuxuan/st/stm32cubeide_1.9.0/plugins/com.st.stm32cube.ide.mcu.externaltools.gnu-tools-for-stm32.10.3-2021.10.linux64_1.0.0.202111181127/tools/bin/../lib/gcc/arm-none-eabi/10.3.1/../../../../arm-none-eabi/lib/thumb/v7e-m+dp/hard/libc_nano.a(lib_a-nano-msizer.o)
                0x000000000800fa50                _malloc_usable_size_r
 .text._raise_r
                0x000000000800fa60       0x50 /home/yuxuan/st/stm32cubeide_1.9.0/plugins/com.st.stm32cube.ide.mcu.externaltools.gnu-tools-for-stm32.10.3-2021.10.linux64_1.0.0.202111181127/tools/bin/../lib/gcc/arm-none-eabi/10.3.1/../../../../arm-none-eabi/lib/thumb/v7e-m+dp/hard/libc_nano.a(lib_a-signal.o)
                0x000000000800fa60                _raise_r
 .text.raise    0x000000000800fab0       0x10 /home/yuxuan/st/stm32cubeide_1.9.0/plugins/com.st.stm32cube.ide.mcu.externaltools.gnu-tools-for-stm32.10.3-2021.10.linux64_1.0.0.202111181127/tools/bin/../lib/gcc/arm-none-eabi/10.3.1/../../../../arm-none-eabi/lib/thumb/v7e-m+dp/hard/libc_nano.a(lib_a-signal.o)
                0x000000000800fab0                raise
 .text._kill_r  0x000000000800fac0       0x24 /home/yuxuan/st/stm32cubeide_1.9.0/plugins/com.st.stm32cube.ide.mcu.externaltools.gnu-tools-for-stm32.10.3-2021.10.linux64_1.0.0.202111181127/tools/bin/../lib/gcc/arm-none-eabi/10.3.1/../../../../arm-none-eabi/lib/thumb/v7e-m+dp/hard/libc_nano.a(lib_a-signalr.o)
                0x000000000800fac0                _kill_r
 .text._getpid_r
                0x000000000800fae4        0x4 /home/yuxuan/st/stm32cubeide_1.9.0/plugins/com.st.stm32cube.ide.mcu.externaltools.gnu-tools-for-stm32.10.3-2021.10.linux64_1.0.0.202111181127/tools/bin/../lib/gcc/arm-none-eabi/10.3.1/../../../../arm-none-eabi/lib/thumb/v7e-m+dp/hard/libc_nano.a(lib_a-signalr.o)
                0x000000000800fae4                _getpid_r
 .text._fstat_r
                0x000000000800fae8       0x24 /home/yuxuan/st/stm32cubeide_1.9.0/plugins/com.st.stm32cube.ide.mcu.externaltools.gnu-tools-for-stm32.10.3-2021.10.linux64_1.0.0.202111181127/tools/bin/../lib/gcc/arm-none-eabi/10.3.1/../../../../arm-none-eabi/lib/thumb/v7e-m+dp/hard/libc_nano.a(lib_a-fstatr.o)
                0x000000000800fae8                _fstat_r
 .text._isatty_r
                0x000000000800fb0c       0x20 /home/yuxuan/st/stm32cubeide_1.9.0/plugins/com.st.stm32cube.ide.mcu.externaltools.gnu-tools-for-stm32.10.3-2021.10.linux64_1.0.0.202111181127/tools/bin/../lib/gcc/arm-none-eabi/10.3.1/../../../../arm-none-eabi/lib/thumb/v7e-m+dp/hard/libc_nano.a(lib_a-isattyr.o)
                0x000000000800fb0c                _isatty_r
 *(.glue_7)
 .glue_7        0x000000000800fb2c        0x0 linker stubs
 *(.glue_7t)
 .glue_7t       0x000000000800fb2c        0x0 linker stubs
 *(.eh_frame)
 .eh_frame      0x000000000800fb2c        0x0 /home/yuxuan/st/stm32cubeide_1.9.0/plugins/com.st.stm32cube.ide.mcu.externaltools.gnu-tools-for-stm32.10.3-2021.10.linux64_1.0.0.202111181127/tools/bin/../lib/gcc/arm-none-eabi/10.3.1/thumb/v7e-m+dp/hard/crtbegin.o
 *(.init)
 .init          0x000000000800fb2c        0x4 /home/yuxuan/st/stm32cubeide_1.9.0/plugins/com.st.stm32cube.ide.mcu.externaltools.gnu-tools-for-stm32.10.3-2021.10.linux64_1.0.0.202111181127/tools/bin/../lib/gcc/arm-none-eabi/10.3.1/thumb/v7e-m+dp/hard/crti.o
                0x000000000800fb2c                _init
 .init          0x000000000800fb30        0x8 /home/yuxuan/st/stm32cubeide_1.9.0/plugins/com.st.stm32cube.ide.mcu.externaltools.gnu-tools-for-stm32.10.3-2021.10.linux64_1.0.0.202111181127/tools/bin/../lib/gcc/arm-none-eabi/10.3.1/thumb/v7e-m+dp/hard/crtn.o
 *(.fini)
 .fini          0x000000000800fb38        0x4 /home/yuxuan/st/stm32cubeide_1.9.0/plugins/com.st.stm32cube.ide.mcu.externaltools.gnu-tools-for-stm32.10.3-2021.10.linux64_1.0.0.202111181127/tools/bin/../lib/gcc/arm-none-eabi/10.3.1/thumb/v7e-m+dp/hard/crti.o
                0x000000000800fb38                _fini
 .fini          0x000000000800fb3c        0x8 /home/yuxuan/st/stm32cubeide_1.9.0/plugins/com.st.stm32cube.ide.mcu.externaltools.gnu-tools-for-stm32.10.3-2021.10.linux64_1.0.0.202111181127/tools/bin/../lib/gcc/arm-none-eabi/10.3.1/thumb/v7e-m+dp/hard/crtn.o
                0x000000000800fb44                . = ALIGN (0x4)
                0x000000000800fb44                _etext = .

.vfp11_veneer   0x000000000800fb44        0x0
 .vfp11_veneer  0x000000000800fb44        0x0 linker stubs

.v4_bx          0x000000000800fb44        0x0
 .v4_bx         0x000000000800fb44        0x0 linker stubs

.iplt           0x000000000800fb44        0x0
 .iplt          0x000000000800fb44        0x0 /home/yuxuan/st/stm32cubeide_1.9.0/plugins/com.st.stm32cube.ide.mcu.externaltools.gnu-tools-for-stm32.10.3-2021.10.linux64_1.0.0.202111181127/tools/bin/../lib/gcc/arm-none-eabi/10.3.1/thumb/v7e-m+dp/hard/crtbegin.o

.rodata         0x000000000800fb48      0x854
                0x000000000800fb48                . = ALIGN (0x4)
 *(.rodata)
 .rodata        0x000000000800fb48      0x10c ./Core/Src/main.o
 .rodata        0x000000000800fc54        0xc /home/yuxuan/st/stm32cubeide_1.9.0/plugins/com.st.stm32cube.ide.mcu.externaltools.gnu-tools-for-stm32.10.3-2021.10.linux64_1.0.0.202111181127/tools/bin/../lib/gcc/arm-none-eabi/10.3.1/../../../../arm-none-eabi/lib/thumb/v7e-m+dp/hard/libc_nano.a(lib_a-nano-vfscanf_i.o)
 *(.rodata*)
 .rodata.D1CorePrescTable
                0x000000000800fc60       0x10 ./Common/Src/system_stm32h7xx_dualcore_boot_cm4_cm7.o
                0x000000000800fc60                D1CorePrescTable
 .rodata.UARTPrescTable
                0x000000000800fc70       0x18 ./Drivers/STM32H7xx_HAL_Driver/stm32h7xx_hal_uart.o
                0x000000000800fc70                UARTPrescTable
 .rodata.numerator.1
                0x000000000800fc88        0x8 ./Drivers/STM32H7xx_HAL_Driver/stm32h7xx_hal_uart_ex.o
 .rodata.denominator.0
                0x000000000800fc90        0x8 ./Drivers/STM32H7xx_HAL_Driver/stm32h7xx_hal_uart_ex.o
 .rodata.acos.str1.1
                0x000000000800fc98        0x0 /home/yuxuan/st/stm32cubeide_1.9.0/plugins/com.st.stm32cube.ide.mcu.externaltools.gnu-tools-for-stm32.10.3-2021.10.linux64_1.0.0.202111181127/tools/bin/../lib/gcc/arm-none-eabi/10.3.1/../../../../arm-none-eabi/lib/thumb/v7e-m+dp/hard/libm.a(lib_a-w_acos.o)
                                          0x1 (size before relaxing)
 .rodata.CSWTCH.8
                0x000000000800fc98       0x18 /home/yuxuan/st/stm32cubeide_1.9.0/plugins/com.st.stm32cube.ide.mcu.externaltools.gnu-tools-for-stm32.10.3-2021.10.linux64_1.0.0.202111181127/tools/bin/../lib/gcc/arm-none-eabi/10.3.1/../../../../arm-none-eabi/lib/thumb/v7e-m+dp/hard/libm.a(lib_a-e_atan2.o)
 .rodata.CSWTCH.9